[    1722ms] [LOG] Debug module "M.reactive" loaded. @ http://moodle.local/lib/requirejs.php/1790390820/core/first.js:638
[    1723ms] [LOG] Registering new reactive instance "M.reactive.ProcessMonitor" @ http://moodle.local/lib/requirejs.php/1790390820/core/first.js:638
[    1724ms] [LOG] Registering new reactive instance "M.reactive.CourseEditor9" @ http://moodle.local/lib/requirejs.php/1790390820/core/first.js:638
[    1766ms] [LOG] Page is missing a drawer region @ http://moodle.local/lib/requirejs.php/1790390820/core/first.js:5470
[    1767ms] [LOG] Page is missing a drawer toggle link @ http://moodle.local/lib/requirejs.php/1790390820/core/first.js:5470
[    1778ms] [LOG] Starting Moodle session timeout warning. @ http://moodle.local/lib/requirejs.php/1790390820/core/first.js:860
[  955119ms] [LOG] Debug module "M.reactive" loaded. @ http://moodle.local/lib/requirejs.php/1790390820/core/first.js:638
[  955120ms] [LOG] Registering new reactive instance "M.reactive.ProcessMonitor" @ http://moodle.local/lib/requirejs.php/1790390820/core/first.js:638
[  955120ms] [LOG] Registering new reactive instance "M.reactive.CourseEditor9" @ http://moodle.local/lib/requirejs.php/1790390820/core/first.js:638
[  955145ms] [LOG] Page is missing a drawer region @ http://moodle.local/lib/requirejs.php/1790390820/core/first.js:5470
[  955145ms] [LOG] Page is missing a drawer toggle link @ http://moodle.local/lib/requirejs.php/1790390820/core/first.js:5470
[  955151ms] [LOG] Starting Moodle session timeout warning. @ http://moodle.local/lib/requirejs.php/1790390820/core/first.js:860
[  961042ms] [LOG] Debug module "M.reactive" loaded. @ http://moodle.local/lib/requirejs.php/1790390820/core/first.js:638
[  961043ms] [LOG] Registering new reactive instance "M.reactive.ProcessMonitor" @ http://moodle.local/lib/requirejs.php/1790390820/core/first.js:638
[  961044ms] [LOG] Registering new reactive instance "M.reactive.CourseEditor9" @ http://moodle.local/lib/requirejs.php/1790390820/core/first.js:638
[  961063ms] [LOG] Page is missing a drawer region @ http://moodle.local/lib/requirejs.php/1790390820/core/first.js:5470
[  961063ms] [LOG] Page is missing a drawer toggle link @ http://moodle.local/lib/requirejs.php/1790390820/core/first.js:5470
[  961066ms] [LOG] Starting Moodle session timeout warning. @ http://moodle.local/lib/requirejs.php/1790390820/core/first.js:860
[  965314ms] [LOG] Debug module "M.reactive" loaded. @ http://moodle.local/lib/requirejs.php/1790390820/core/first.js:638
[  965315ms] [LOG] Registering new reactive instance "M.reactive.ProcessMonitor" @ http://moodle.local/lib/requirejs.php/1790390820/core/first.js:638
[  965315ms] [LOG] Registering new reactive instance "M.reactive.CourseEditor9" @ http://moodle.local/lib/requirejs.php/1790390820/core/first.js:638
[  965332ms] [LOG] Page is missing a drawer region @ http://moodle.local/lib/requirejs.php/1790390820/core/first.js:5470
[  965332ms] [LOG] Page is missing a drawer toggle link @ http://moodle.local/lib/requirejs.php/1790390820/core/first.js:5470
[  965336ms] [LOG] Starting Moodle session timeout warning. @ http://moodle.local/lib/requirejs.php/1790390820/core/first.js:860
[  968721ms] [LOG] Debug module "M.reactive" loaded. @ http://moodle.local/lib/requirejs.php/1790390820/core/first.js:638
[  968722ms] [LOG] Registering new reactive instance "M.reactive.ProcessMonitor" @ http://moodle.local/lib/requirejs.php/1790390820/core/first.js:638
[  968723ms] [LOG] Registering new reactive instance "M.reactive.CourseEditor9" @ http://moodle.local/lib/requirejs.php/1790390820/core/first.js:638
[  968743ms] [LOG] Page is missing a drawer region @ http://moodle.local/lib/requirejs.php/1790390820/core/first.js:5470
[  968743ms] [LOG] Page is missing a drawer toggle link @ http://moodle.local/lib/requirejs.php/1790390820/core/first.js:5470
[  968748ms] [LOG] Starting Moodle session timeout warning. @ http://moodle.local/lib/requirejs.php/1790390820/core/first.js:860
[  972807ms] [LOG] Debug module "M.reactive" loaded. @ http://moodle.local/lib/requirejs.php/1790390820/core/first.js:638
[  972808ms] [LOG] Registering new reactive instance "M.reactive.ProcessMonitor" @ http://moodle.local/lib/requirejs.php/1790390820/core/first.js:638
[  972809ms] [LOG] Registering new reactive instance "M.reactive.CourseEditor9" @ http://moodle.local/lib/requirejs.php/1790390820/core/first.js:638
[  972825ms] [LOG] Page is missing a drawer region @ http://moodle.local/lib/requirejs.php/1790390820/core/first.js:5470
[  972825ms] [LOG] Page is missing a drawer toggle link @ http://moodle.local/lib/requirejs.php/1790390820/core/first.js:5470
[  972829ms] [LOG] Starting Moodle session timeout warning. @ http://moodle.local/lib/requirejs.php/1790390820/core/first.js:860
[  976096ms] [LOG] Debug module "M.reactive" loaded. @ http://moodle.local/lib/requirejs.php/1790390820/core/first.js:638
[  976097ms] [LOG] Registering new reactive instance "M.reactive.ProcessMonitor" @ http://moodle.local/lib/requirejs.php/1790390820/core/first.js:638
[  976098ms] [LOG] Registering new reactive instance "M.reactive.CourseEditor9" @ http://moodle.local/lib/requirejs.php/1790390820/core/first.js:638
[  976117ms] [LOG] Page is missing a drawer region @ http://moodle.local/lib/requirejs.php/1790390820/core/first.js:5470
[  976117ms] [LOG] Page is missing a drawer toggle link @ http://moodle.local/lib/requirejs.php/1790390820/core/first.js:5470
[  976123ms] [LOG] Starting Moodle session timeout warning. @ http://moodle.local/lib/requirejs.php/1790390820/core/first.js:860
[  979366ms] [LOG] Debug module "M.reactive" loaded. @ http://moodle.local/lib/requirejs.php/1790390820/core/first.js:638
[  979366ms] [LOG] Registering new reactive instance "M.reactive.ProcessMonitor" @ http://moodle.local/lib/requirejs.php/1790390820/core/first.js:638
[  979367ms] [LOG] Registering new reactive instance "M.reactive.CourseEditor9" @ http://moodle.local/lib/requirejs.php/1790390820/core/first.js:638
[  979381ms] [LOG] Page is missing a drawer region @ http://moodle.local/lib/requirejs.php/1790390820/core/first.js:5470
[  979381ms] [LOG] Page is missing a drawer toggle link @ http://moodle.local/lib/requirejs.php/1790390820/core/first.js:5470
[  979382ms] [LOG] Starting Moodle session timeout warning. @ http://moodle.local/lib/requirejs.php/1790390820/core/first.js:860
[  982129ms] [LOG] Debug module "M.reactive" loaded. @ http://moodle.local/lib/requirejs.php/1790390820/core/first.js:638
[  982130ms] [LOG] Registering new reactive instance "M.reactive.ProcessMonitor" @ http://moodle.local/lib/requirejs.php/1790390820/core/first.js:638
[  982130ms] [LOG] Registering new reactive instance "M.reactive.CourseEditor9" @ http://moodle.local/lib/requirejs.php/1790390820/core/first.js:638
[  982144ms] [LOG] Page is missing a drawer region @ http://moodle.local/lib/requirejs.php/1790390820/core/first.js:5470
[  982144ms] [LOG] Page is missing a drawer toggle link @ http://moodle.local/lib/requirejs.php/1790390820/core/first.js:5470
[  982148ms] [LOG] Starting Moodle session timeout warning. @ http://moodle.local/lib/requirejs.php/1790390820/core/first.js:860
[  984806ms] [LOG] Debug module "M.reactive" loaded. @ http://moodle.local/lib/requirejs.php/1790390820/core/first.js:638
[  984807ms] [LOG] Registering new reactive instance "M.reactive.ProcessMonitor" @ http://moodle.local/lib/requirejs.php/1790390820/core/first.js:638
[  984808ms] [LOG] Registering new reactive instance "M.reactive.CourseEditor9" @ http://moodle.local/lib/requirejs.php/1790390820/core/first.js:638
[  984821ms] [LOG] Page is missing a drawer region @ http://moodle.local/lib/requirejs.php/1790390820/core/first.js:5470
[  984822ms] [LOG] Page is missing a drawer toggle link @ http://moodle.local/lib/requirejs.php/1790390820/core/first.js:5470
[  984824ms] [LOG] Starting Moodle session timeout warning. @ http://moodle.local/lib/requirejs.php/1790390820/core/first.js:860
[  988491ms] [LOG] Debug module "M.reactive" loaded. @ http://moodle.local/lib/requirejs.php/1790390820/core/first.js:638
[  988492ms] [LOG] Registering new reactive instance "M.reactive.ProcessMonitor" @ http://moodle.local/lib/requirejs.php/1790390820/core/first.js:638
[  988493ms] [LOG] Registering new reactive instance "M.reactive.CourseEditor9" @ http://moodle.local/lib/requirejs.php/1790390820/core/first.js:638
[  988512ms] [LOG] Page is missing a drawer region @ http://moodle.local/lib/requirejs.php/1790390820/core/first.js:5470
[  988512ms] [LOG] Page is missing a drawer toggle link @ http://moodle.local/lib/requirejs.php/1790390820/core/first.js:5470
[  988513ms] [LOG] Starting Moodle session timeout warning. @ http://moodle.local/lib/requirejs.php/1790390820/core/first.js:860
[  992095ms] [LOG] Debug module "M.reactive" loaded. @ http://moodle.local/lib/requirejs.php/1790390820/core/first.js:638
[  992095ms] [LOG] Registering new reactive instance "M.reactive.ProcessMonitor" @ http://moodle.local/lib/requirejs.php/1790390820/core/first.js:638
[  992096ms] [LOG] Registering new reactive instance "M.reactive.CourseEditor9" @ http://moodle.local/lib/requirejs.php/1790390820/core/first.js:638
[  992110ms] [LOG] Page is missing a drawer region @ http://moodle.local/lib/requirejs.php/1790390820/core/first.js:5470
[  992110ms] [LOG] Page is missing a drawer toggle link @ http://moodle.local/lib/requirejs.php/1790390820/core/first.js:5470
[  992116ms] [LOG] Starting Moodle session timeout warning. @ http://moodle.local/lib/requirejs.php/1790390820/core/first.js:860
[  996863ms] [LOG] Debug module "M.reactive" loaded. @ http://moodle.local/lib/requirejs.php/1790390820/core/first.js:638
[  996864ms] [LOG] Registering new reactive instance "M.reactive.ProcessMonitor" @ http://moodle.local/lib/requirejs.php/1790390820/core/first.js:638
[  996864ms] [LOG] Registering new reactive instance "M.reactive.CourseEditor9" @ http://moodle.local/lib/requirejs.php/1790390820/core/first.js:638
[  996880ms] [LOG] Page is missing a drawer region @ http://moodle.local/lib/requirejs.php/1790390820/core/first.js:5470
[  996880ms] [LOG] Page is missing a drawer toggle link @ http://moodle.local/lib/requirejs.php/1790390820/core/first.js:5470
[  996886ms] [LOG] Starting Moodle session timeout warning. @ http://moodle.local/lib/requirejs.php/1790390820/core/first.js:860
[ 1001219ms] [LOG] Debug module "M.reactive" loaded. @ http://moodle.local/lib/requirejs.php/1790390820/core/first.js:638
[ 1001220ms] [LOG] Registering new reactive instance "M.reactive.ProcessMonitor" @ http://moodle.local/lib/requirejs.php/1790390820/core/first.js:638
[ 1001220ms] [LOG] Registering new reactive instance "M.reactive.CourseEditor9" @ http://moodle.local/lib/requirejs.php/1790390820/core/first.js:638
[ 1001235ms] [LOG] Page is missing a drawer region @ http://moodle.local/lib/requirejs.php/1790390820/core/first.js:5470
[ 1001235ms] [LOG] Page is missing a drawer toggle link @ http://moodle.local/lib/requirejs.php/1790390820/core/first.js:5470
[ 1001236ms] [LOG] Starting Moodle session timeout warning. @ http://moodle.local/lib/requirejs.php/1790390820/core/first.js:860
[ 1005585ms] [LOG] Debug module "M.reactive" loaded. @ http://moodle.local/lib/requirejs.php/1790390820/core/first.js:638
[ 1005586ms] [LOG] Registering new reactive instance "M.reactive.ProcessMonitor" @ http://moodle.local/lib/requirejs.php/1790390820/core/first.js:638
[ 1005586ms] [LOG] Registering new reactive instance "M.reactive.CourseEditor9" @ http://moodle.local/lib/requirejs.php/1790390820/core/first.js:638
[ 1005600ms] [LOG] Page is missing a drawer region @ http://moodle.local/lib/requirejs.php/1790390820/core/first.js:5470
[ 1005600ms] [LOG] Page is missing a drawer toggle link @ http://moodle.local/lib/requirejs.php/1790390820/core/first.js:5470
[ 1005601ms] [LOG] Starting Moodle session timeout warning. @ http://moodle.local/lib/requirejs.php/1790390820/core/first.js:860
[ 1010728ms] [LOG] Debug module "M.reactive" loaded. @ http://moodle.local/lib/requirejs.php/1790390820/core/first.js:638
[ 1010729ms] [LOG] Registering new reactive instance "M.reactive.ProcessMonitor" @ http://moodle.local/lib/requirejs.php/1790390820/core/first.js:638
[ 1010729ms] [LOG] Registering new reactive instance "M.reactive.CourseEditor9" @ http://moodle.local/lib/requirejs.php/1790390820/core/first.js:638
[ 1010748ms] [LOG] Page is missing a drawer region @ http://moodle.local/lib/requirejs.php/1790390820/core/first.js:5470
[ 1010748ms] [LOG] Page is missing a drawer toggle link @ http://moodle.local/lib/requirejs.php/1790390820/core/first.js:5470
[ 1010751ms] [LOG] Starting Moodle session timeout warning. @ http://moodle.local/lib/requirejs.php/1790390820/core/first.js:860
[ 1017103ms] [LOG] Debug module "M.reactive" loaded. @ http://moodle.local/lib/requirejs.php/1790390820/core/first.js:638
[ 1017103ms] [LOG] Registering new reactive instance "M.reactive.ProcessMonitor" @ http://moodle.local/lib/requirejs.php/1790390820/core/first.js:638
[ 1017104ms] [LOG] Registering new reactive instance "M.reactive.CourseEditor9" @ http://moodle.local/lib/requirejs.php/1790390820/core/first.js:638
[ 1017121ms] [LOG] Page is missing a drawer region @ http://moodle.local/lib/requirejs.php/1790390820/core/first.js:5470
[ 1017121ms] [LOG] Page is missing a drawer toggle link @ http://moodle.local/lib/requirejs.php/1790390820/core/first.js:5470
[ 1017125ms] [LOG] Starting Moodle session timeout warning. @ http://moodle.local/lib/requirejs.php/1790390820/core/first.js:860
[ 1044110ms] [LOG] Debug module "M.reactive" loaded. @ http://moodle.local/lib/requirejs.php/1790390820/core/first.js:638
[ 1044111ms] [LOG] Registering new reactive instance "M.reactive.ProcessMonitor" @ http://moodle.local/lib/requirejs.php/1790390820/core/first.js:638
[ 1044111ms] [LOG] Registering new reactive instance "M.reactive.CourseEditor9" @ http://moodle.local/lib/requirejs.php/1790390820/core/first.js:638
[ 1044127ms] [LOG] Page is missing a drawer region @ http://moodle.local/lib/requirejs.php/1790390820/core/first.js:5470
[ 1044127ms] [LOG] Page is missing a drawer toggle link @ http://moodle.local/lib/requirejs.php/1790390820/core/first.js:5470
[ 1044129ms] [LOG] Starting Moodle session timeout warning. @ http://moodle.local/lib/requirejs.php/1790390820/core/first.js:860
[ 1050858ms] [LOG] Debug module "M.reactive" loaded. @ http://moodle.local/lib/requirejs.php/1790390820/core/first.js:638
[ 1050858ms] [LOG] Registering new reactive instance "M.reactive.ProcessMonitor" @ http://moodle.local/lib/requirejs.php/1790390820/core/first.js:638
[ 1050859ms] [LOG] Registering new reactive instance "M.reactive.CourseEditor9" @ http://moodle.local/lib/requirejs.php/1790390820/core/first.js:638
[ 1050875ms] [LOG] Page is missing a drawer region @ http://moodle.local/lib/requirejs.php/1790390820/core/first.js:5470
[ 1050875ms] [LOG] Page is missing a drawer toggle link @ http://moodle.local/lib/requirejs.php/1790390820/core/first.js:5470
[ 1050879ms] [LOG] Starting Moodle session timeout warning. @ http://moodle.local/lib/requirejs.php/1790390820/core/first.js:860
