[   16345ms] [LOG] Debug module "M.reactive" loaded. @ http://moodle.local/lib/requirejs.php/1789993643/core/first.js:638
[   16347ms] [LOG] Registering new reactive instance "M.reactive.ProcessMonitor" @ http://moodle.local/lib/requirejs.php/1789993643/core/first.js:638
[   16349ms] [LOG] Registering new reactive instance "M.reactive.CourseEditor9" @ http://moodle.local/lib/requirejs.php/1789993643/core/first.js:638
[   16385ms] [LOG] Page is missing a drawer region @ http://moodle.local/lib/requirejs.php/1789993643/core/first.js:5470
[   16385ms] [LOG] Page is missing a drawer toggle link @ http://moodle.local/lib/requirejs.php/1789993643/core/first.js:5470
[   16403ms] [LOG] Starting Moodle session timeout warning. @ http://moodle.local/lib/requirejs.php/1789993643/core/first.js:860
[   40620ms] [LOG] Starting Moodle session timeout warning. @ http://moodle.local/lib/requirejs.php/1789993643/core/first.js:860
[   46796ms] [LOG] Debug module "M.reactive" loaded. @ http://moodle.local/lib/requirejs.php/1789993643/core/first.js:638
[   46797ms] [LOG] Registering new reactive instance "M.reactive.ProcessMonitor" @ http://moodle.local/lib/requirejs.php/1789993643/core/first.js:638
[   46798ms] [LOG] Registering new reactive instance "M.reactive.CourseEditor9" @ http://moodle.local/lib/requirejs.php/1789993643/core/first.js:638
[   46836ms] [LOG] Page is missing a drawer region @ http://moodle.local/lib/requirejs.php/1789993643/core/first.js:5470
[   46836ms] [LOG] Page is missing a drawer toggle link @ http://moodle.local/lib/requirejs.php/1789993643/core/first.js:5470
[   46846ms] [LOG] Starting Moodle session timeout warning. @ http://moodle.local/lib/requirejs.php/1789993643/core/first.js:860
[   76750ms] [LOG] Debug module "M.reactive" loaded. @ http://moodle.local/lib/requirejs.php/1789993643/core/first.js:638
[   76750ms] [LOG] Registering new reactive instance "M.reactive.ProcessMonitor" @ http://moodle.local/lib/requirejs.php/1789993643/core/first.js:638
[   76751ms] [LOG] Registering new reactive instance "M.reactive.CourseEditor9" @ http://moodle.local/lib/requirejs.php/1789993643/core/first.js:638
[   76786ms] [LOG] Page is missing a drawer region @ http://moodle.local/lib/requirejs.php/1789993643/core/first.js:5470
[   76786ms] [LOG] Page is missing a drawer toggle link @ http://moodle.local/lib/requirejs.php/1789993643/core/first.js:5470
[   76790ms] [LOG] Starting Moodle session timeout warning. @ http://moodle.local/lib/requirejs.php/1789993643/core/first.js:860
[   91777ms] [LOG] Debug module "M.reactive" loaded. @ http://moodle.local/lib/requirejs.php/1789993643/core/first.js:638
[   91778ms] [LOG] Registering new reactive instance "M.reactive.ProcessMonitor" @ http://moodle.local/lib/requirejs.php/1789993643/core/first.js:638
[   91779ms] [LOG] Registering new reactive instance "M.reactive.CourseEditor9" @ http://moodle.local/lib/requirejs.php/1789993643/core/first.js:638
[   91805ms] [LOG] Page is missing a drawer region @ http://moodle.local/lib/requirejs.php/1789993643/core/first.js:5470
[   91805ms] [LOG] Page is missing a drawer toggle link @ http://moodle.local/lib/requirejs.php/1789993643/core/first.js:5470
[   91809ms] [LOG] Starting Moodle session timeout warning. @ http://moodle.local/lib/requirejs.php/1789993643/core/first.js:860
[  256703ms] [LOG] Debug module "M.reactive" loaded. @ http://moodle.local/lib/requirejs.php/1789993643/core/first.js:638
[  256705ms] [LOG] Registering new reactive instance "M.reactive.ProcessMonitor" @ http://moodle.local/lib/requirejs.php/1789993643/core/first.js:638
[  256706ms] [LOG] Registering new reactive instance "M.reactive.CourseEditor9" @ http://moodle.local/lib/requirejs.php/1789993643/core/first.js:638
[  256743ms] [LOG] Page is missing a drawer region @ http://moodle.local/lib/requirejs.php/1789993643/core/first.js:5470
[  256743ms] [LOG] Page is missing a drawer toggle link @ http://moodle.local/lib/requirejs.php/1789993643/core/first.js:5470
[  256770ms] [LOG] Starting Moodle session timeout warning. @ http://moodle.local/lib/requirejs.php/1789993643/core/first.js:860
[  264863ms] [LOG] Debug module "M.reactive" loaded. @ http://moodle.local/lib/requirejs.php/1789993643/core/first.js:638
[  264864ms] [LOG] Registering new reactive instance "M.reactive.ProcessMonitor" @ http://moodle.local/lib/requirejs.php/1789993643/core/first.js:638
[  264865ms] [LOG] Registering new reactive instance "M.reactive.CourseEditor9" @ http://moodle.local/lib/requirejs.php/1789993643/core/first.js:638
[  264924ms] [LOG] Page is missing a drawer region @ http://moodle.local/lib/requirejs.php/1789993643/core/first.js:5470
[  264924ms] [LOG] Page is missing a drawer toggle link @ http://moodle.local/lib/requirejs.php/1789993643/core/first.js:5470
[  264936ms] [LOG] Starting Moodle session timeout warning. @ http://moodle.local/lib/requirejs.php/1789993643/core/first.js:860
[  376712ms] [LOG] Debug module "M.reactive" loaded. @ http://moodle.local/lib/requirejs.php/1789994004/core/first.js:638
[  376714ms] [LOG] Registering new reactive instance "M.reactive.ProcessMonitor" @ http://moodle.local/lib/requirejs.php/1789994004/core/first.js:638
[  376715ms] [LOG] Registering new reactive instance "M.reactive.CourseEditor9" @ http://moodle.local/lib/requirejs.php/1789994004/core/first.js:638
[  376752ms] [LOG] Page is missing a drawer region @ http://moodle.local/lib/requirejs.php/1789994004/core/first.js:5470
[  376752ms] [LOG] Page is missing a drawer toggle link @ http://moodle.local/lib/requirejs.php/1789994004/core/first.js:5470
[  376783ms] [LOG] Starting Moodle session timeout warning. @ http://moodle.local/lib/requirejs.php/1789994004/core/first.js:860
[  406882ms] [LOG] Starting Moodle session timeout warning. @ http://moodle.local/lib/requirejs.php/1789994004/core/first.js:860
[  468019ms] [LOG] Debug module "M.reactive" loaded. @ http://moodle.local/lib/requirejs.php/1789994004/core/first.js:638
[  468021ms] [LOG] Registering new reactive instance "M.reactive.ProcessMonitor" @ http://moodle.local/lib/requirejs.php/1789994004/core/first.js:638
[  468022ms] [LOG] Registering new reactive instance "M.reactive.CourseEditor9" @ http://moodle.local/lib/requirejs.php/1789994004/core/first.js:638
[  468049ms] [LOG] Page is missing a drawer region @ http://moodle.local/lib/requirejs.php/1789994004/core/first.js:5470
[  468049ms] [LOG] Page is missing a drawer toggle link @ http://moodle.local/lib/requirejs.php/1789994004/core/first.js:5470
[  468055ms] [LOG] Starting Moodle session timeout warning. @ http://moodle.local/lib/requirejs.php/1789994004/core/first.js:860
[  574906ms] [LOG] Debug module "M.reactive" loaded. @ http://moodle.local/lib/requirejs.php/1789994004/core/first.js:638
[  574907ms] [LOG] Registering new reactive instance "M.reactive.ProcessMonitor" @ http://moodle.local/lib/requirejs.php/1789994004/core/first.js:638
[  574908ms] [LOG] Registering new reactive instance "M.reactive.CourseEditor9" @ http://moodle.local/lib/requirejs.php/1789994004/core/first.js:638
[  574942ms] [LOG] Page is missing a drawer region @ http://moodle.local/lib/requirejs.php/1789994004/core/first.js:5470
[  574942ms] [LOG] Page is missing a drawer toggle link @ http://moodle.local/lib/requirejs.php/1789994004/core/first.js:5470
[  574951ms] [LOG] Starting Moodle session timeout warning. @ http://moodle.local/lib/requirejs.php/1789994004/core/first.js:860
[  597927ms] [LOG] Debug module "M.reactive" loaded. @ http://moodle.local/lib/requirejs.php/1789994004/core/first.js:638
[  597929ms] [LOG] Registering new reactive instance "M.reactive.ProcessMonitor" @ http://moodle.local/lib/requirejs.php/1789994004/core/first.js:638
[  597930ms] [LOG] Registering new reactive instance "M.reactive.CourseEditor9" @ http://moodle.local/lib/requirejs.php/1789994004/core/first.js:638
[  597968ms] [LOG] Page is missing a drawer region @ http://moodle.local/lib/requirejs.php/1789994004/core/first.js:5470
[  597968ms] [LOG] Page is missing a drawer toggle link @ http://moodle.local/lib/requirejs.php/1789994004/core/first.js:5470
[  597991ms] [LOG] Starting Moodle session timeout warning. @ http://moodle.local/lib/requirejs.php/1789994004/core/first.js:860
[  628940ms] [LOG] Debug module "M.reactive" loaded. @ http://moodle.local/lib/requirejs.php/1789994004/core/first.js:638
[  628941ms] [LOG] Registering new reactive instance "M.reactive.ProcessMonitor" @ http://moodle.local/lib/requirejs.php/1789994004/core/first.js:638
[  628942ms] [LOG] Registering new reactive instance "M.reactive.CourseEditor9" @ http://moodle.local/lib/requirejs.php/1789994004/core/first.js:638
[  628979ms] [LOG] Page is missing a drawer region @ http://moodle.local/lib/requirejs.php/1789994004/core/first.js:5470
[  628980ms] [LOG] Page is missing a drawer toggle link @ http://moodle.local/lib/requirejs.php/1789994004/core/first.js:5470
[  628981ms] [LOG] Starting Moodle session timeout warning. @ http://moodle.local/lib/requirejs.php/1789994004/core/first.js:860
[  632324ms] [WARNING] Failed to execute 'postMessage' on 'DOMWindow': The target origin provided ('https://www.youtube.com') does not match the recipient window's origin ('http://moodle.local'). @ https://www.youtube.com/s/player/4fd832e7/www-widgetapi.vflset/www-widgetapi.js:162
[  632573ms] [WARNING] Failed to execute 'postMessage' on 'DOMWindow': The target origin provided ('https://www.youtube.com') does not match the recipient window's origin ('http://moodle.local'). @ https://www.youtube.com/s/player/4fd832e7/www-widgetapi.vflset/www-widgetapi.js:162
[  632823ms] [WARNING] Failed to execute 'postMessage' on 'DOMWindow': The target origin provided ('https://www.youtube.com') does not match the recipient window's origin ('http://moodle.local'). @ https://www.youtube.com/s/player/4fd832e7/www-widgetapi.vflset/www-widgetapi.js:162
[  633847ms] [WARNING] VIDEOJS: WARN: videojs.createTimeRange is deprecated and will be removed in 9.0; please use videojs.time.createTimeRanges instead. @ http://moodle.local/lib/requirejs.php/1789994004/media_videojs/video-lazy.js:11
[  641960ms] [LOG] Debug module "M.reactive" loaded. @ http://moodle.local/lib/requirejs.php/1789994004/core/first.js:638
[  641962ms] [LOG] Registering new reactive instance "M.reactive.ProcessMonitor" @ http://moodle.local/lib/requirejs.php/1789994004/core/first.js:638
[  641963ms] [LOG] Registering new reactive instance "M.reactive.CourseEditor9" @ http://moodle.local/lib/requirejs.php/1789994004/core/first.js:638
[  641991ms] [LOG] Page is missing a drawer region @ http://moodle.local/lib/requirejs.php/1789994004/core/first.js:5470
[  641991ms] [LOG] Page is missing a drawer toggle link @ http://moodle.local/lib/requirejs.php/1789994004/core/first.js:5470
[  642006ms] [LOG] Starting Moodle session timeout warning. @ http://moodle.local/lib/requirejs.php/1789994004/core/first.js:860
