[   21016ms] [LOG] Starting Moodle session timeout warning. @ http://moodle.local/lib/requirejs.php/1790386382/core/first.js:860
[  122419ms] [LOG] Starting Moodle session timeout warning. @ http://moodle.local/lib/requirejs.php/1790386382/core/first.js:860
[  131426ms] [LOG] Debug module "M.reactive" loaded. @ http://moodle.local/lib/requirejs.php/1790386382/core/first.js:638
[  131427ms] [LOG] Registering new reactive instance "M.reactive.ProcessMonitor" @ http://moodle.local/lib/requirejs.php/1790386382/core/first.js:638
[  131427ms] [LOG] Registering new reactive instance "M.reactive.CourseEditor9" @ http://moodle.local/lib/requirejs.php/1790386382/core/first.js:638
[  131448ms] [LOG] Page is missing a drawer region @ http://moodle.local/lib/requirejs.php/1790386382/core/first.js:5470
[  131448ms] [LOG] Page is missing a drawer toggle link @ http://moodle.local/lib/requirejs.php/1790386382/core/first.js:5470
[  131468ms] [LOG] Starting Moodle session timeout warning. @ http://moodle.local/lib/requirejs.php/1790386382/core/first.js:860
[  143181ms] [LOG] Debug module "M.reactive" loaded. @ http://moodle.local/lib/requirejs.php/1790386382/core/first.js:638
[  143182ms] [LOG] Registering new reactive instance "M.reactive.ProcessMonitor" @ http://moodle.local/lib/requirejs.php/1790386382/core/first.js:638
[  143183ms] [LOG] Registering new reactive instance "M.reactive.CourseEditor9" @ http://moodle.local/lib/requirejs.php/1790386382/core/first.js:638
[  143211ms] [LOG] Page is missing a drawer region @ http://moodle.local/lib/requirejs.php/1790386382/core/first.js:5470
[  143211ms] [LOG] Page is missing a drawer toggle link @ http://moodle.local/lib/requirejs.php/1790386382/core/first.js:5470
[  143216ms] [LOG] Starting Moodle session timeout warning. @ http://moodle.local/lib/requirejs.php/1790386382/core/first.js:860
[  168673ms] [LOG] Debug module "M.reactive" loaded. @ http://moodle.local/lib/requirejs.php/1790386382/core/first.js:638
[  168674ms] [LOG] Registering new reactive instance "M.reactive.ProcessMonitor" @ http://moodle.local/lib/requirejs.php/1790386382/core/first.js:638
[  168675ms] [LOG] Registering new reactive instance "M.reactive.CourseEditor9" @ http://moodle.local/lib/requirejs.php/1790386382/core/first.js:638
[  168694ms] [LOG] Page is missing a drawer region @ http://moodle.local/lib/requirejs.php/1790386382/core/first.js:5470
[  168694ms] [LOG] Page is missing a drawer toggle link @ http://moodle.local/lib/requirejs.php/1790386382/core/first.js:5470
[  168701ms] [LOG] Starting Moodle session timeout warning. @ http://moodle.local/lib/requirejs.php/1790386382/core/first.js:860
[  173091ms] [LOG] Debug module "M.reactive" loaded. @ http://moodle.local/lib/requirejs.php/1790386382/core/first.js:638
[  173091ms] [LOG] Registering new reactive instance "M.reactive.ProcessMonitor" @ http://moodle.local/lib/requirejs.php/1790386382/core/first.js:638
[  173092ms] [LOG] Registering new reactive instance "M.reactive.CourseEditor9" @ http://moodle.local/lib/requirejs.php/1790386382/core/first.js:638
[  173110ms] [LOG] Page is missing a drawer region @ http://moodle.local/lib/requirejs.php/1790386382/core/first.js:5470
[  173110ms] [LOG] Page is missing a drawer toggle link @ http://moodle.local/lib/requirejs.php/1790386382/core/first.js:5470
[  173113ms] [LOG] Starting Moodle session timeout warning. @ http://moodle.local/lib/requirejs.php/1790386382/core/first.js:860
[  177154ms] [LOG] Debug module "M.reactive" loaded. @ http://moodle.local/lib/requirejs.php/1790386382/core/first.js:638
[  177155ms] [LOG] Registering new reactive instance "M.reactive.ProcessMonitor" @ http://moodle.local/lib/requirejs.php/1790386382/core/first.js:638
[  177155ms] [LOG] Registering new reactive instance "M.reactive.CourseEditor9" @ http://moodle.local/lib/requirejs.php/1790386382/core/first.js:638
[  177171ms] [LOG] Page is missing a drawer region @ http://moodle.local/lib/requirejs.php/1790386382/core/first.js:5470
[  177171ms] [LOG] Page is missing a drawer toggle link @ http://moodle.local/lib/requirejs.php/1790386382/core/first.js:5470
[  177172ms] [LOG] Starting Moodle session timeout warning. @ http://moodle.local/lib/requirejs.php/1790386382/core/first.js:860
[  183006ms] [LOG] Debug module "M.reactive" loaded. @ http://moodle.local/lib/requirejs.php/1790386382/core/first.js:638
[  183007ms] [LOG] Registering new reactive instance "M.reactive.ProcessMonitor" @ http://moodle.local/lib/requirejs.php/1790386382/core/first.js:638
[  183007ms] [LOG] Registering new reactive instance "M.reactive.CourseEditor9" @ http://moodle.local/lib/requirejs.php/1790386382/core/first.js:638
[  183022ms] [LOG] Page is missing a drawer region @ http://moodle.local/lib/requirejs.php/1790386382/core/first.js:5470
[  183023ms] [LOG] Page is missing a drawer toggle link @ http://moodle.local/lib/requirejs.php/1790386382/core/first.js:5470
[  183025ms] [LOG] Starting Moodle session timeout warning. @ http://moodle.local/lib/requirejs.php/1790386382/core/first.js:860
[  205867ms] [LOG] Debug module "M.reactive" loaded. @ http://moodle.local/lib/requirejs.php/1790386382/core/first.js:638
[  205868ms] [LOG] Registering new reactive instance "M.reactive.ProcessMonitor" @ http://moodle.local/lib/requirejs.php/1790386382/core/first.js:638
[  205869ms] [LOG] Registering new reactive instance "M.reactive.CourseEditor9" @ http://moodle.local/lib/requirejs.php/1790386382/core/first.js:638
[  205887ms] [LOG] Page is missing a drawer region @ http://moodle.local/lib/requirejs.php/1790386382/core/first.js:5470
[  205887ms] [LOG] Page is missing a drawer toggle link @ http://moodle.local/lib/requirejs.php/1790386382/core/first.js:5470
[  205892ms] [LOG] Starting Moodle session timeout warning. @ http://moodle.local/lib/requirejs.php/1790386382/core/first.js:860
[  214051ms] [LOG] Debug module "M.reactive" loaded. @ http://moodle.local/lib/requirejs.php/1790386382/core/first.js:638
[  214057ms] [LOG] Page is missing a drawer region @ http://moodle.local/lib/requirejs.php/1790386382/core/first.js:5470
[  214057ms] [LOG] Page is missing a drawer toggle link @ http://moodle.local/lib/requirejs.php/1790386382/core/first.js:5470
[  214060ms] [LOG] Starting Moodle session timeout warning. @ http://moodle.local/lib/requirejs.php/1790386382/core/first.js:860
[  215760ms] [LOG] Debug module "M.reactive" loaded. @ http://moodle.local/lib/requirejs.php/1790386382/core/first.js:638
[  215761ms] [LOG] Registering new reactive instance "M.reactive.ProcessMonitor" @ http://moodle.local/lib/requirejs.php/1790386382/core/first.js:638
[  215761ms] [LOG] Registering new reactive instance "M.reactive.CourseEditor9" @ http://moodle.local/lib/requirejs.php/1790386382/core/first.js:638
[  215781ms] [LOG] Page is missing a drawer region @ http://moodle.local/lib/requirejs.php/1790386382/core/first.js:5470
[  215781ms] [LOG] Page is missing a drawer toggle link @ http://moodle.local/lib/requirejs.php/1790386382/core/first.js:5470
[  215788ms] [LOG] Starting Moodle session timeout warning. @ http://moodle.local/lib/requirejs.php/1790386382/core/first.js:860
[  227612ms] [LOG] Debug module "M.reactive" loaded. @ http://moodle.local/lib/requirejs.php/1790386382/core/first.js:638
[  227619ms] [LOG] Page is missing a drawer region @ http://moodle.local/lib/requirejs.php/1790386382/core/first.js:5470
[  227620ms] [LOG] Page is missing a drawer toggle link @ http://moodle.local/lib/requirejs.php/1790386382/core/first.js:5470
[  227624ms] [LOG] Starting Moodle session timeout warning. @ http://moodle.local/lib/requirejs.php/1790386382/core/first.js:860
[  240166ms] [LOG] Debug module "M.reactive" loaded. @ http://moodle.local/lib/requirejs.php/1790386382/core/first.js:638
[  240167ms] [LOG] Registering new reactive instance "M.reactive.ProcessMonitor" @ http://moodle.local/lib/requirejs.php/1790386382/core/first.js:638
[  240167ms] [LOG] Registering new reactive instance "M.reactive.CourseEditor9" @ http://moodle.local/lib/requirejs.php/1790386382/core/first.js:638
[  240192ms] [LOG] Page is missing a drawer region @ http://moodle.local/lib/requirejs.php/1790386382/core/first.js:5470
[  240192ms] [LOG] Page is missing a drawer toggle link @ http://moodle.local/lib/requirejs.php/1790386382/core/first.js:5470
[  240198ms] [LOG] Starting Moodle session timeout warning. @ http://moodle.local/lib/requirejs.php/1790386382/core/first.js:860
[  245183ms] [LOG] Debug module "M.reactive" loaded. @ http://moodle.local/lib/requirejs.php/1790386382/core/first.js:638
[  245184ms] [LOG] Registering new reactive instance "M.reactive.ProcessMonitor" @ http://moodle.local/lib/requirejs.php/1790386382/core/first.js:638
[  245185ms] [LOG] Registering new reactive instance "M.reactive.CourseEditor9" @ http://moodle.local/lib/requirejs.php/1790386382/core/first.js:638
[  245201ms] [LOG] Page is missing a drawer region @ http://moodle.local/lib/requirejs.php/1790386382/core/first.js:5470
[  245202ms] [LOG] Page is missing a drawer toggle link @ http://moodle.local/lib/requirejs.php/1790386382/core/first.js:5470
[  245203ms] [LOG] Starting Moodle session timeout warning. @ http://moodle.local/lib/requirejs.php/1790386382/core/first.js:860
[  354607ms] [LOG] Debug module "M.reactive" loaded. @ http://moodle.local/lib/requirejs.php/1790386382/core/first.js:638
[  354608ms] [LOG] Registering new reactive instance "M.reactive.ProcessMonitor" @ http://moodle.local/lib/requirejs.php/1790386382/core/first.js:638
[  354609ms] [LOG] Registering new reactive instance "M.reactive.CourseEditor9" @ http://moodle.local/lib/requirejs.php/1790386382/core/first.js:638
[  354628ms] [LOG] Page is missing a drawer region @ http://moodle.local/lib/requirejs.php/1790386382/core/first.js:5470
[  354628ms] [LOG] Page is missing a drawer toggle link @ http://moodle.local/lib/requirejs.php/1790386382/core/first.js:5470
[  354629ms] [LOG] Starting Moodle session timeout warning. @ http://moodle.local/lib/requirejs.php/1790386382/core/first.js:860
[  370670ms] [LOG] Debug module "M.reactive" loaded. @ http://moodle.local/lib/requirejs.php/1790386382/core/first.js:638
[  370671ms] [LOG] Registering new reactive instance "M.reactive.ProcessMonitor" @ http://moodle.local/lib/requirejs.php/1790386382/core/first.js:638
[  370672ms] [LOG] Registering new reactive instance "M.reactive.CourseEditor9" @ http://moodle.local/lib/requirejs.php/1790386382/core/first.js:638
[  370706ms] [LOG] Page is missing a drawer region @ http://moodle.local/lib/requirejs.php/1790386382/core/first.js:5470
[  370707ms] [LOG] Page is missing a drawer toggle link @ http://moodle.local/lib/requirejs.php/1790386382/core/first.js:5470
[  370754ms] [LOG] Starting Moodle session timeout warning. @ http://moodle.local/lib/requirejs.php/1790386382/core/first.js:860
[  375208ms] [LOG] Debug module "M.reactive" loaded. @ http://moodle.local/lib/requirejs.php/1790386382/core/first.js:638
[  375209ms] [LOG] Registering new reactive instance "M.reactive.ProcessMonitor" @ http://moodle.local/lib/requirejs.php/1790386382/core/first.js:638
[  375210ms] [LOG] Registering new reactive instance "M.reactive.CourseEditor9" @ http://moodle.local/lib/requirejs.php/1790386382/core/first.js:638
[  375232ms] [LOG] Page is missing a drawer region @ http://moodle.local/lib/requirejs.php/1790386382/core/first.js:5470
[  375233ms] [LOG] Page is missing a drawer toggle link @ http://moodle.local/lib/requirejs.php/1790386382/core/first.js:5470
[  375241ms] [LOG] Starting Moodle session timeout warning. @ http://moodle.local/lib/requirejs.php/1790386382/core/first.js:860
[  384882ms] [LOG] Debug module "M.reactive" loaded. @ http://moodle.local/lib/requirejs.php/1790386382/core/first.js:638
[  384882ms] [LOG] Registering new reactive instance "M.reactive.ProcessMonitor" @ http://moodle.local/lib/requirejs.php/1790386382/core/first.js:638
[  384883ms] [LOG] Registering new reactive instance "M.reactive.CourseEditor9" @ http://moodle.local/lib/requirejs.php/1790386382/core/first.js:638
[  384901ms] [LOG] Page is missing a drawer region @ http://moodle.local/lib/requirejs.php/1790386382/core/first.js:5470
[  384901ms] [LOG] Page is missing a drawer toggle link @ http://moodle.local/lib/requirejs.php/1790386382/core/first.js:5470
[  384909ms] [LOG] Starting Moodle session timeout warning. @ http://moodle.local/lib/requirejs.php/1790386382/core/first.js:860
[  705825ms] [LOG] Debug module "M.reactive" loaded. @ http://moodle.local/lib/requirejs.php/1790386382/core/first.js:638
[  705826ms] [LOG] Registering new reactive instance "M.reactive.ProcessMonitor" @ http://moodle.local/lib/requirejs.php/1790386382/core/first.js:638
[  705826ms] [LOG] Registering new reactive instance "M.reactive.CourseEditor9" @ http://moodle.local/lib/requirejs.php/1790386382/core/first.js:638
[  705843ms] [LOG] Page is missing a drawer region @ http://moodle.local/lib/requirejs.php/1790386382/core/first.js:5470
[  705843ms] [LOG] Page is missing a drawer toggle link @ http://moodle.local/lib/requirejs.php/1790386382/core/first.js:5470
[  705846ms] [LOG] Starting Moodle session timeout warning. @ http://moodle.local/lib/requirejs.php/1790386382/core/first.js:860
