[    1372ms] [LOG] Debug module "M.reactive" loaded. @ http://moodle.local/lib/requirejs.php/1790388235/core/first.js:638
[    1373ms] [LOG] Registering new reactive instance "M.reactive.ProcessMonitor" @ http://moodle.local/lib/requirejs.php/1790388235/core/first.js:638
[    1373ms] [LOG] Registering new reactive instance "M.reactive.CourseEditor9" @ http://moodle.local/lib/requirejs.php/1790388235/core/first.js:638
[    1400ms] [LOG] Page is missing a drawer region @ http://moodle.local/lib/requirejs.php/1790388235/core/first.js:5470
[    1400ms] [LOG] Page is missing a drawer toggle link @ http://moodle.local/lib/requirejs.php/1790388235/core/first.js:5470
[    1408ms] [LOG] Starting Moodle session timeout warning. @ http://moodle.local/lib/requirejs.php/1790388235/core/first.js:860
[  126664ms] [LOG] Debug module "M.reactive" loaded. @ http://moodle.local/lib/requirejs.php/1790388235/core/first.js:638
[  126665ms] [LOG] Registering new reactive instance "M.reactive.ProcessMonitor" @ http://moodle.local/lib/requirejs.php/1790388235/core/first.js:638
[  126666ms] [LOG] Registering new reactive instance "M.reactive.CourseEditor9" @ http://moodle.local/lib/requirejs.php/1790388235/core/first.js:638
[  126684ms] [LOG] Page is missing a drawer region @ http://moodle.local/lib/requirejs.php/1790388235/core/first.js:5470
[  126684ms] [LOG] Page is missing a drawer toggle link @ http://moodle.local/lib/requirejs.php/1790388235/core/first.js:5470
[  126689ms] [LOG] Starting Moodle session timeout warning. @ http://moodle.local/lib/requirejs.php/1790388235/core/first.js:860
[  138429ms] [LOG] Debug module "M.reactive" loaded. @ http://moodle.local/lib/requirejs.php/1790388235/core/first.js:638
[  138430ms] [LOG] Registering new reactive instance "M.reactive.ProcessMonitor" @ http://moodle.local/lib/requirejs.php/1790388235/core/first.js:638
[  138430ms] [LOG] Registering new reactive instance "M.reactive.CourseEditor9" @ http://moodle.local/lib/requirejs.php/1790388235/core/first.js:638
[  138446ms] [LOG] Page is missing a drawer region @ http://moodle.local/lib/requirejs.php/1790388235/core/first.js:5470
[  138446ms] [LOG] Page is missing a drawer toggle link @ http://moodle.local/lib/requirejs.php/1790388235/core/first.js:5470
[  138450ms] [LOG] Starting Moodle session timeout warning. @ http://moodle.local/lib/requirejs.php/1790388235/core/first.js:860
[  143440ms] [LOG] Debug module "M.reactive" loaded. @ http://moodle.local/lib/requirejs.php/1790388235/core/first.js:638
[  143440ms] [LOG] Registering new reactive instance "M.reactive.ProcessMonitor" @ http://moodle.local/lib/requirejs.php/1790388235/core/first.js:638
[  143441ms] [LOG] Registering new reactive instance "M.reactive.CourseEditor9" @ http://moodle.local/lib/requirejs.php/1790388235/core/first.js:638
[  143461ms] [LOG] Page is missing a drawer region @ http://moodle.local/lib/requirejs.php/1790388235/core/first.js:5470
[  143461ms] [LOG] Page is missing a drawer toggle link @ http://moodle.local/lib/requirejs.php/1790388235/core/first.js:5470
[  143464ms] [LOG] Starting Moodle session timeout warning. @ http://moodle.local/lib/requirejs.php/1790388235/core/first.js:860
[  161891ms] [LOG] Debug module "M.reactive" loaded. @ http://moodle.local/lib/requirejs.php/1790388235/core/first.js:638
[  161892ms] [LOG] Registering new reactive instance "M.reactive.ProcessMonitor" @ http://moodle.local/lib/requirejs.php/1790388235/core/first.js:638
[  161893ms] [LOG] Registering new reactive instance "M.reactive.CourseEditor9" @ http://moodle.local/lib/requirejs.php/1790388235/core/first.js:638
[  161927ms] [LOG] Page is missing a drawer region @ http://moodle.local/lib/requirejs.php/1790388235/core/first.js:5470
[  161927ms] [LOG] Page is missing a drawer toggle link @ http://moodle.local/lib/requirejs.php/1790388235/core/first.js:5470
[  161971ms] [LOG] Starting Moodle session timeout warning. @ http://moodle.local/lib/requirejs.php/1790388235/core/first.js:860
[  167098ms] [LOG] Debug module "M.reactive" loaded. @ http://moodle.local/lib/requirejs.php/1790388235/core/first.js:638
[  167099ms] [LOG] Registering new reactive instance "M.reactive.ProcessMonitor" @ http://moodle.local/lib/requirejs.php/1790388235/core/first.js:638
[  167100ms] [LOG] Registering new reactive instance "M.reactive.CourseEditor9" @ http://moodle.local/lib/requirejs.php/1790388235/core/first.js:638
[  167119ms] [LOG] Page is missing a drawer region @ http://moodle.local/lib/requirejs.php/1790388235/core/first.js:5470
[  167120ms] [LOG] Page is missing a drawer toggle link @ http://moodle.local/lib/requirejs.php/1790388235/core/first.js:5470
[  167123ms] [LOG] Starting Moodle session timeout warning. @ http://moodle.local/lib/requirejs.php/1790388235/core/first.js:860
[  170139ms] [LOG] Debug module "M.reactive" loaded. @ http://moodle.local/lib/requirejs.php/1790388235/core/first.js:638
[  170140ms] [LOG] Registering new reactive instance "M.reactive.ProcessMonitor" @ http://moodle.local/lib/requirejs.php/1790388235/core/first.js:638
[  170141ms] [LOG] Registering new reactive instance "M.reactive.CourseEditor9" @ http://moodle.local/lib/requirejs.php/1790388235/core/first.js:638
[  170164ms] [LOG] Page is missing a drawer region @ http://moodle.local/lib/requirejs.php/1790388235/core/first.js:5470
[  170164ms] [LOG] Page is missing a drawer toggle link @ http://moodle.local/lib/requirejs.php/1790388235/core/first.js:5470
[  170179ms] [LOG] Starting Moodle session timeout warning. @ http://moodle.local/lib/requirejs.php/1790388235/core/first.js:860
[  182111ms] [LOG] Debug module "M.reactive" loaded. @ http://moodle.local/lib/requirejs.php/1790388235/core/first.js:638
[  182113ms] [LOG] Registering new reactive instance "M.reactive.ProcessMonitor" @ http://moodle.local/lib/requirejs.php/1790388235/core/first.js:638
[  182114ms] [LOG] Registering new reactive instance "M.reactive.CourseEditor9" @ http://moodle.local/lib/requirejs.php/1790388235/core/first.js:638
[  182145ms] [LOG] Page is missing a drawer region @ http://moodle.local/lib/requirejs.php/1790388235/core/first.js:5470
[  182146ms] [LOG] Page is missing a drawer toggle link @ http://moodle.local/lib/requirejs.php/1790388235/core/first.js:5470
[  182155ms] [LOG] Starting Moodle session timeout warning. @ http://moodle.local/lib/requirejs.php/1790388235/core/first.js:860
[  187003ms] [LOG] Debug module "M.reactive" loaded. @ http://moodle.local/lib/requirejs.php/1790388235/core/first.js:638
[  187005ms] [LOG] Registering new reactive instance "M.reactive.ProcessMonitor" @ http://moodle.local/lib/requirejs.php/1790388235/core/first.js:638
[  187006ms] [LOG] Registering new reactive instance "M.reactive.CourseEditor9" @ http://moodle.local/lib/requirejs.php/1790388235/core/first.js:638
[  187034ms] [LOG] Page is missing a drawer region @ http://moodle.local/lib/requirejs.php/1790388235/core/first.js:5470
[  187035ms] [LOG] Page is missing a drawer toggle link @ http://moodle.local/lib/requirejs.php/1790388235/core/first.js:5470
[  187047ms] [LOG] Starting Moodle session timeout warning. @ http://moodle.local/lib/requirejs.php/1790388235/core/first.js:860
[  260812ms] [LOG] Debug module "M.reactive" loaded. @ http://moodle.local/lib/requirejs.php/1790388235/core/first.js:638
[  260813ms] [LOG] Registering new reactive instance "M.reactive.ProcessMonitor" @ http://moodle.local/lib/requirejs.php/1790388235/core/first.js:638
[  260814ms] [LOG] Registering new reactive instance "M.reactive.CourseEditor9" @ http://moodle.local/lib/requirejs.php/1790388235/core/first.js:638
[  260848ms] [LOG] Page is missing a drawer region @ http://moodle.local/lib/requirejs.php/1790388235/core/first.js:5470
[  260849ms] [LOG] Page is missing a drawer toggle link @ http://moodle.local/lib/requirejs.php/1790388235/core/first.js:5470
[  260855ms] [LOG] Starting Moodle session timeout warning. @ http://moodle.local/lib/requirejs.php/1790388235/core/first.js:860
