[      33ms] Uncaught ReferenceError: _G is not defined
    at <anonymous> (:0:0)
[    2187ms] [LOG] null @ https://www.afr.com/assets/vendors.d74c36a6b44cae7a.js:134
[    2188ms] [LOG] null @ https://www.afr.com/assets/vendors.d74c36a6b44cae7a.js:134
[    2283ms] [ERROR] CryptoJS is not defined @ :0
[    2291ms] [ERROR] CryptoJS is not defined @ :0
[    2318ms] [ERROR] CryptoJS is not defined @ :0
[    2329ms] [ERROR] CryptoJS is not defined @ :0
[    2333ms] [ERROR] CryptoJS is not defined @ :0
[    2337ms] [ERROR] CryptoJS is not defined @ :0
[    2340ms] [ERROR] CryptoJS is not defined @ :0
[    2344ms] [ERROR] CryptoJS is not defined @ :0
[    2563ms] [LOG] Subscriptions Runtime: 1.0.164 @ https://news.google.com/swg/js/v1/swg.js:0
[    2801ms] [ERROR] Failed to load resource: net::ERR_CERT_AUTHORITY_INVALID @ https://static-au.plista.com/async.js:0
[    2807ms] [LOG] CryptoJS script loaded successfully. @ :1
[    2807ms] [LOG] CryptoJS is available. @ :1
[    2808ms] [LOG] MD5 hash of "test": 098f6bcd4621d373cade4e832627b4f6 @ :1
[    2859ms] [WARNING] pixel already configured. @ https://pixel.byspotify.com/ping.min.js:0
[    2950ms] [ERROR] Failed to load resource: net::ERR_NAME_NOT_RESOLVED @ https://sjs.bizographics.com/insight.min.js:0
[    3021ms] [LOG] null @ https://www.afr.com/assets/vendors.d74c36a6b44cae7a.js:134
[    3556ms] [LOG] JQMIGRATE: Migrate is installed, version 1.4.1 @ https://cdnjs.cloudflare.com/ajax/libs/jquery-migrate/1.4.1/jquery-migrate.min.js:1
[    3581ms] [LOG] JQMIGRATE: Migrate is installed, version 1.4.1 @ https://cdnjs.cloudflare.com/ajax/libs/jquery-migrate/1.4.1/jquery-migrate.min.js:1
[    3598ms] [LOG] JQMIGRATE: Migrate is installed, version 1.4.1 @ https://cdnjs.cloudflare.com/ajax/libs/jquery-migrate/1.4.1/jquery-migrate.min.js:1
[    3781ms] [LOG] ADC JS Lib @ https://adc-js.nine.com.au/adc.js:3
[    3787ms] [LOG] [NINE DotMetrics]: Install successfully with section politics @ :2
[    3968ms] [LOG] null @ https://www.afr.com/assets/vendors.d74c36a6b44cae7a.js:134
[    4301ms] [WARNING] [GPT] PubAdsService.setCentering is deprecated, use googletag.setConfig({centering: ...}) instead.
https://goo.gle/gpt-message#170 @ https://securepubads.g.doubleclick.net/pagead/managed/js/gpt/m202609140101/pubads_impl.js?cb=122881077:22
[    4382ms] [LOG] Mantis-Script: Publication date:   - {"publicationDate":"2026-09-15T10:37:22+10:00","isEarly":true,"url":"https://www.afr.com/politics/ai-risk-is-deadly-serious-not-far-from-real-world-crisis-rudd-20260915-p60xd9"} {publicationDate: 2026-09-15T10:37:22+10:00, isEarly: true, url: https://www.afr.com/politics/ai-risk-is-deadly-ser…t-far-from-real-world-crisis-rudd-20260915-p60xd9} @ https://loader.mantis-intelligence.com/nine/loader.js:12
[    4715ms] [LOG] Mantis-Script: : Mantis secured event sent @ https://loader.mantis-intelligence.com/nine/loader.js:12
[    5308ms] [INFO] Conversion Event ping fired. @ https://static.chartbeat.com/js/subscriptions.js:56
[    5308ms] [TABLE] {Event Fired: trackPaywallShown, Event Label: #social-ribbon-prompt-piano-id, Event Value: , Path: afr.com/politics/ai-risk-is-deadly-serious-not-far-from-real-world-crisis-rudd-20260915-p60xd9} @ https://static.chartbeat.com/js/subscriptions.js:38
[    5848ms] [WARNING] [GPT] Slot.setCollapseEmptyDiv is deprecated, use Slot.setConfig({collapseDiv: ...}) instead.
https://goo.gle/gpt-message#171 @ https://securepubads.g.doubleclick.net/pagead/managed/js/gpt/m202609140101/pubads_impl.js?cb=122881077:22
[    6428ms] [WARNING] BeyondWords.Player: error while loading application/x-mpegURL source @ https://www.afr.com/assets/vendors.d74c36a6b44cae7a.js:87
