[    2472ms] [LOG] Debug module "M.reactive" loaded. @ http://moodle.local/lib/requirejs.php/1789694470/core/first.js:638
[    2473ms] [LOG] Registering new reactive instance "M.reactive.ProcessMonitor" @ http://moodle.local/lib/requirejs.php/1789694470/core/first.js:638
[    2475ms] [LOG] Registering new reactive instance "M.reactive.CourseEditor9" @ http://moodle.local/lib/requirejs.php/1789694470/core/first.js:638
[    2520ms] [LOG] Page is missing a drawer region @ http://moodle.local/lib/requirejs.php/1789694470/core/first.js:5466
[    2521ms] [LOG] Page is missing a drawer toggle link @ http://moodle.local/lib/requirejs.php/1789694470/core/first.js:5466
[    2583ms] [LOG] Starting Moodle session timeout warning. @ http://moodle.local/lib/requirejs.php/1789694470/core/first.js:860
[   34314ms] [INFO] tiny_autosave/id_introeditor: Attempting to restore draft @ http://moodle.local/lib/requirejs.php/1789694470/core/first.js:824
[   34330ms] [LOG] tiny_autosave/id_introeditor: Ignoring undo event as there is no undo history @ http://moodle.local/lib/requirejs.php/1789694470/core/first.js:824
[   34477ms] [INFO] tiny_autosave/id_page: Attempting to restore draft @ http://moodle.local/lib/requirejs.php/1789694470/core/first.js:824
[   34483ms] [LOG] tiny_autosave/id_page: Ignoring undo event as there is no undo history @ http://moodle.local/lib/requirejs.php/1789694470/core/first.js:824
[   50079ms] [LOG] tiny_autosave/id_introeditor: Removing Autosave session @ http://moodle.local/lib/requirejs.php/1789694470/core/first.js:824
[   50082ms] [LOG] tiny_autosave/id_page: Removing Autosave session @ http://moodle.local/lib/requirejs.php/1789694470/core/first.js:824
[   73796ms] [LOG] tiny_autosave/id_introeditor: Removing Autosave session @ http://moodle.local/lib/requirejs.php/1789694470/core/first.js:824
[   73798ms] [LOG] tiny_autosave/id_page: Removing Autosave session @ http://moodle.local/lib/requirejs.php/1789694470/core/first.js:824
[   74293ms] [LOG] tiny_autosave/id_page: Saving draft @ http://moodle.local/lib/requirejs.php/1789694470/core/first.js:824
[   74294ms] [WARNING] Skipping store of autosave content - content has been reset @ http://moodle.local/lib/requirejs.php/1789694470/core/first.js:5886
[   82093ms] [LOG] Debug module "M.reactive" loaded. @ http://moodle.local/lib/requirejs.php/1789694470/core/first.js:638
[   82096ms] [LOG] Registering new reactive instance "M.reactive.ProcessMonitor" @ http://moodle.local/lib/requirejs.php/1789694470/core/first.js:638
[   82098ms] [LOG] Registering new reactive instance "M.reactive.CourseEditor9" @ http://moodle.local/lib/requirejs.php/1789694470/core/first.js:638
[   82145ms] [LOG] Page is missing a drawer region @ http://moodle.local/lib/requirejs.php/1789694470/core/first.js:5466
[   82145ms] [LOG] Page is missing a drawer toggle link @ http://moodle.local/lib/requirejs.php/1789694470/core/first.js:5466
[   82162ms] [LOG] Starting Moodle session timeout warning. @ http://moodle.local/lib/requirejs.php/1789694470/core/first.js:860
