[    5064ms] [LOG] Starting Moodle session timeout warning. @ http://moodle.local/lib/requirejs.php/1789799419/core/first.js:860
[    8412ms] [VERBOSE] [DOM] Password forms should have (optionally hidden) username fields for accessibility: (More info: https://www.chromium.org/developers/design-documents/create-amazing-password-forms) %o @ http://moodle.local/login/index.php:0
[   14230ms] [LOG] Starting Moodle session timeout warning. @ http://moodle.local/lib/requirejs.php/1789799419/core/first.js:860
[   15226ms] [VERBOSE] [DOM] Password forms should have (optionally hidden) username fields for accessibility: (More info: https://www.chromium.org/developers/design-documents/create-amazing-password-forms) %o @ http://moodle.local/login/index.php?loginredirect=1:0
[   24335ms] [LOG] Starting Moodle session timeout warning. @ http://moodle.local/lib/requirejs.php/1789799419/core/first.js:860
[   24424ms] [VERBOSE] [DOM] Password forms should have (optionally hidden) username fields for accessibility: (More info: https://www.chromium.org/developers/design-documents/create-amazing-password-forms) %o @ http://moodle.local/login/index.php?loginredirect=1:0
[ 5359282ms] [ERROR] Failed to load resource: net::ERR_NETWORK_IO_SUSPENDED @ http://moodle.local/lib/ajax/service.php?sesskey=2kKkx6Kc77&info=core_session_time_remaining&nosessionupdate=true:0
[12003978ms] [LOG] Starting Moodle session timeout warning. @ http://moodle.local/lib/requirejs.php/1789855091/core/first.js:860
[12007447ms] [VERBOSE] [DOM] Password forms should have (optionally hidden) username fields for accessibility: (More info: https://www.chromium.org/developers/design-documents/create-amazing-password-forms) %o @ http://moodle.local/login/index.php:0
[12016507ms] [LOG] Starting Moodle session timeout warning. @ http://moodle.local/lib/requirejs.php/1789855091/core/first.js:860
[12041910ms] [LOG] Starting Moodle session timeout warning. @ http://moodle.local/lib/requirejs.php/1789855091/core/first.js:860
[12052378ms] [LOG] Debug module "M.reactive" loaded. @ http://moodle.local/lib/requirejs.php/1789855091/core/first.js:638
[12052379ms] [LOG] Registering new reactive instance "M.reactive.ProcessMonitor" @ http://moodle.local/lib/requirejs.php/1789855091/core/first.js:638
[12052380ms] [LOG] Registering new reactive instance "M.reactive.CourseEditor9" @ http://moodle.local/lib/requirejs.php/1789855091/core/first.js:638
[12052398ms] [LOG] Page is missing a drawer region @ http://moodle.local/lib/requirejs.php/1789855091/core/first.js:5468
[12052398ms] [LOG] Page is missing a drawer toggle link @ http://moodle.local/lib/requirejs.php/1789855091/core/first.js:5468
[12052404ms] [LOG] Starting Moodle session timeout warning. @ http://moodle.local/lib/requirejs.php/1789855091/core/first.js:860
[12054827ms] [LOG] Debug module "M.reactive" loaded. @ http://moodle.local/lib/requirejs.php/1789855091/core/first.js:638
[12054828ms] [LOG] Registering new reactive instance "M.reactive.ProcessMonitor" @ http://moodle.local/lib/requirejs.php/1789855091/core/first.js:638
[12054829ms] [LOG] Registering new reactive instance "M.reactive.CourseEditor9" @ http://moodle.local/lib/requirejs.php/1789855091/core/first.js:638
[12054842ms] [LOG] Page is missing a drawer region @ http://moodle.local/lib/requirejs.php/1789855091/core/first.js:5468
[12054842ms] [LOG] Page is missing a drawer toggle link @ http://moodle.local/lib/requirejs.php/1789855091/core/first.js:5468
[12054847ms] [LOG] Starting Moodle session timeout warning. @ http://moodle.local/lib/requirejs.php/1789855091/core/first.js:860
[12057260ms] [LOG] Debug module "M.reactive" loaded. @ http://moodle.local/lib/requirejs.php/1789855091/core/first.js:638
[12057261ms] [LOG] Registering new reactive instance "M.reactive.ProcessMonitor" @ http://moodle.local/lib/requirejs.php/1789855091/core/first.js:638
[12057261ms] [LOG] Registering new reactive instance "M.reactive.CourseEditor9" @ http://moodle.local/lib/requirejs.php/1789855091/core/first.js:638
[12057281ms] [LOG] Page is missing a drawer region @ http://moodle.local/lib/requirejs.php/1789855091/core/first.js:5468
[12057282ms] [LOG] Page is missing a drawer toggle link @ http://moodle.local/lib/requirejs.php/1789855091/core/first.js:5468
[12057291ms] [LOG] Starting Moodle session timeout warning. @ http://moodle.local/lib/requirejs.php/1789855091/core/first.js:860
[12062049ms] [LOG] Debug module "M.reactive" loaded. @ http://moodle.local/lib/requirejs.php/1789855091/core/first.js:638
[12062050ms] [LOG] Registering new reactive instance "M.reactive.ProcessMonitor" @ http://moodle.local/lib/requirejs.php/1789855091/core/first.js:638
[12062051ms] [LOG] Registering new reactive instance "M.reactive.CourseEditor9" @ http://moodle.local/lib/requirejs.php/1789855091/core/first.js:638
[12062071ms] [LOG] Page is missing a drawer region @ http://moodle.local/lib/requirejs.php/1789855091/core/first.js:5468
[12062071ms] [LOG] Page is missing a drawer toggle link @ http://moodle.local/lib/requirejs.php/1789855091/core/first.js:5468
[12062076ms] [LOG] Starting Moodle session timeout warning. @ http://moodle.local/lib/requirejs.php/1789855091/core/first.js:860
[14811791ms] [LOG] Debug module "M.reactive" loaded. @ http://moodle.local/lib/requirejs.php/1789869804/core/first.js:638
[14811792ms] [LOG] Registering new reactive instance "M.reactive.ProcessMonitor" @ http://moodle.local/lib/requirejs.php/1789869804/core/first.js:638
[14811793ms] [LOG] Registering new reactive instance "M.reactive.CourseEditor9" @ http://moodle.local/lib/requirejs.php/1789869804/core/first.js:638
[14811817ms] [LOG] Page is missing a drawer region @ http://moodle.local/lib/requirejs.php/1789869804/core/first.js:5468
[14811817ms] [LOG] Page is missing a drawer toggle link @ http://moodle.local/lib/requirejs.php/1789869804/core/first.js:5468
[14811828ms] [LOG] Starting Moodle session timeout warning. @ http://moodle.local/lib/requirejs.php/1789869804/core/first.js:860
[15011489ms] [LOG] Starting Moodle session timeout warning. @ http://moodle.local/lib/requirejs.php/1789870006/core/first.js:860
[15236589ms] [LOG] Starting Moodle session timeout warning. @ http://moodle.local/lib/requirejs.php/1789870242/core/first.js:860
[15370351ms] [LOG] Starting Moodle session timeout warning. @ http://moodle.local/lib/requirejs.php/1789870242/core/first.js:860
[15390274ms] [LOG] Debug module "M.reactive" loaded. @ http://moodle.local/lib/requirejs.php/1789870242/core/first.js:638
[15390275ms] [LOG] Registering new reactive instance "M.reactive.ProcessMonitor" @ http://moodle.local/lib/requirejs.php/1789870242/core/first.js:638
[15390276ms] [LOG] Registering new reactive instance "M.reactive.CourseEditor9" @ http://moodle.local/lib/requirejs.php/1789870242/core/first.js:638
[15390313ms] [LOG] Page is missing a drawer region @ http://moodle.local/lib/requirejs.php/1789870242/core/first.js:5468
[15390313ms] [LOG] Page is missing a drawer toggle link @ http://moodle.local/lib/requirejs.php/1789870242/core/first.js:5468
[15390317ms] [LOG] Starting Moodle session timeout warning. @ http://moodle.local/lib/requirejs.php/1789870242/core/first.js:860
[15398753ms] [LOG] Debug module "M.reactive" loaded. @ http://moodle.local/lib/requirejs.php/1789870242/core/first.js:638
[15398754ms] [LOG] Registering new reactive instance "M.reactive.ProcessMonitor" @ http://moodle.local/lib/requirejs.php/1789870242/core/first.js:638
[15398755ms] [LOG] Registering new reactive instance "M.reactive.CourseEditor9" @ http://moodle.local/lib/requirejs.php/1789870242/core/first.js:638
[15398780ms] [LOG] Page is missing a drawer region @ http://moodle.local/lib/requirejs.php/1789870242/core/first.js:5468
[15398780ms] [LOG] Page is missing a drawer toggle link @ http://moodle.local/lib/requirejs.php/1789870242/core/first.js:5468
[15398790ms] [LOG] Starting Moodle session timeout warning. @ http://moodle.local/lib/requirejs.php/1789870242/core/first.js:860
[15409445ms] [LOG] Debug module "M.reactive" loaded. @ http://moodle.local/lib/requirejs.php/1789870242/core/first.js:638
[15409446ms] [LOG] Registering new reactive instance "M.reactive.ProcessMonitor" @ http://moodle.local/lib/requirejs.php/1789870242/core/first.js:638
[15409447ms] [LOG] Registering new reactive instance "M.reactive.CourseEditor9" @ http://moodle.local/lib/requirejs.php/1789870242/core/first.js:638
[15409500ms] [LOG] Page is missing a drawer region @ http://moodle.local/lib/requirejs.php/1789870242/core/first.js:5468
[15409500ms] [LOG] Page is missing a drawer toggle link @ http://moodle.local/lib/requirejs.php/1789870242/core/first.js:5468
[15409505ms] [LOG] Starting Moodle session timeout warning. @ http://moodle.local/lib/requirejs.php/1789870242/core/first.js:860
[15439791ms] [LOG] Debug module "M.reactive" loaded. @ http://moodle.local/lib/requirejs.php/1789870242/core/first.js:638
[15439792ms] [LOG] Registering new reactive instance "M.reactive.ProcessMonitor" @ http://moodle.local/lib/requirejs.php/1789870242/core/first.js:638
[15439793ms] [LOG] Registering new reactive instance "M.reactive.CourseEditor9" @ http://moodle.local/lib/requirejs.php/1789870242/core/first.js:638
[15439810ms] [LOG] Page is missing a drawer region @ http://moodle.local/lib/requirejs.php/1789870242/core/first.js:5468
[15439811ms] [LOG] Page is missing a drawer toggle link @ http://moodle.local/lib/requirejs.php/1789870242/core/first.js:5468
[15439820ms] [LOG] Starting Moodle session timeout warning. @ http://moodle.local/lib/requirejs.php/1789870242/core/first.js:860
[15447419ms] [LOG] Debug module "M.reactive" loaded. @ http://moodle.local/lib/requirejs.php/1789870242/core/first.js:638
[15447420ms] [LOG] Registering new reactive instance "M.reactive.ProcessMonitor" @ http://moodle.local/lib/requirejs.php/1789870242/core/first.js:638
[15447421ms] [LOG] Registering new reactive instance "M.reactive.CourseEditor9" @ http://moodle.local/lib/requirejs.php/1789870242/core/first.js:638
[15447440ms] [LOG] Page is missing a drawer region @ http://moodle.local/lib/requirejs.php/1789870242/core/first.js:5468
[15447440ms] [LOG] Page is missing a drawer toggle link @ http://moodle.local/lib/requirejs.php/1789870242/core/first.js:5468
[15447451ms] [LOG] Starting Moodle session timeout warning. @ http://moodle.local/lib/requirejs.php/1789870242/core/first.js:860
[15461661ms] [LOG] Debug module "M.reactive" loaded. @ http://moodle.local/lib/requirejs.php/1789870242/core/first.js:638
[15461661ms] [LOG] Registering new reactive instance "M.reactive.ProcessMonitor" @ http://moodle.local/lib/requirejs.php/1789870242/core/first.js:638
[15461662ms] [LOG] Registering new reactive instance "M.reactive.CourseEditor9" @ http://moodle.local/lib/requirejs.php/1789870242/core/first.js:638
[15461679ms] [LOG] Page is missing a drawer region @ http://moodle.local/lib/requirejs.php/1789870242/core/first.js:5468
[15461679ms] [LOG] Page is missing a drawer toggle link @ http://moodle.local/lib/requirejs.php/1789870242/core/first.js:5468
[15461688ms] [LOG] Starting Moodle session timeout warning. @ http://moodle.local/lib/requirejs.php/1789870242/core/first.js:860
[15556262ms] [LOG] Debug module "M.reactive" loaded. @ http://moodle.local/lib/requirejs.php/1789870552/core/first.js:638
[15556264ms] [LOG] Registering new reactive instance "M.reactive.ProcessMonitor" @ http://moodle.local/lib/requirejs.php/1789870552/core/first.js:638
[15556266ms] [LOG] Registering new reactive instance "M.reactive.CourseEditor9" @ http://moodle.local/lib/requirejs.php/1789870552/core/first.js:638
[15556289ms] [LOG] Page is missing a drawer region @ http://moodle.local/lib/requirejs.php/1789870552/core/first.js:5468
[15556289ms] [LOG] Page is missing a drawer toggle link @ http://moodle.local/lib/requirejs.php/1789870552/core/first.js:5468
[15556299ms] [LOG] Starting Moodle session timeout warning. @ http://moodle.local/lib/requirejs.php/1789870552/core/first.js:860
[15598487ms] [LOG] Starting Moodle session timeout warning. @ http://moodle.local/lib/requirejs.php/1789870552/core/first.js:860
[15664190ms] [LOG] Debug module "M.reactive" loaded. @ http://moodle.local/lib/requirejs.php/1789870552/core/first.js:638
[15664191ms] [LOG] Registering new reactive instance "M.reactive.ProcessMonitor" @ http://moodle.local/lib/requirejs.php/1789870552/core/first.js:638
[15664191ms] [LOG] Registering new reactive instance "M.reactive.CourseEditor9" @ http://moodle.local/lib/requirejs.php/1789870552/core/first.js:638
[15664207ms] [LOG] Page is missing a drawer region @ http://moodle.local/lib/requirejs.php/1789870552/core/first.js:5468
[15664207ms] [LOG] Page is missing a drawer toggle link @ http://moodle.local/lib/requirejs.php/1789870552/core/first.js:5468
[15664219ms] [LOG] Starting Moodle session timeout warning. @ http://moodle.local/lib/requirejs.php/1789870552/core/first.js:860
[15705481ms] [LOG] Debug module "M.reactive" loaded. @ http://moodle.local/lib/requirejs.php/1789870697/core/first.js:638
[15705484ms] [LOG] Registering new reactive instance "M.reactive.ProcessMonitor" @ http://moodle.local/lib/requirejs.php/1789870697/core/first.js:638
[15705485ms] [LOG] Registering new reactive instance "M.reactive.CourseEditor9" @ http://moodle.local/lib/requirejs.php/1789870697/core/first.js:638
[15705507ms] [LOG] Page is missing a drawer region @ http://moodle.local/lib/requirejs.php/1789870697/core/first.js:5468
[15705507ms] [LOG] Page is missing a drawer toggle link @ http://moodle.local/lib/requirejs.php/1789870697/core/first.js:5468
[15705518ms] [LOG] Starting Moodle session timeout warning. @ http://moodle.local/lib/requirejs.php/1789870697/core/first.js:860
[15721670ms] [LOG] Starting Moodle session timeout warning. @ http://moodle.local/lib/requirejs.php/1789870697/core/first.js:860
[19617779ms] [LOG] Debug module "M.reactive" loaded. @ http://moodle.local/lib/requirejs.php/1789874612/core/first.js:638
[19617781ms] [LOG] Registering new reactive instance "M.reactive.ProcessMonitor" @ http://moodle.local/lib/requirejs.php/1789874612/core/first.js:638
[19617783ms] [LOG] Registering new reactive instance "M.reactive.CourseEditor9" @ http://moodle.local/lib/requirejs.php/1789874612/core/first.js:638
[19617805ms] [LOG] Page is missing a drawer region @ http://moodle.local/lib/requirejs.php/1789874612/core/first.js:5468
[19617805ms] [LOG] Page is missing a drawer toggle link @ http://moodle.local/lib/requirejs.php/1789874612/core/first.js:5468
[19617815ms] [LOG] Starting Moodle session timeout warning. @ http://moodle.local/lib/requirejs.php/1789874612/core/first.js:860
[19666613ms] [LOG] Starting Moodle session timeout warning. @ http://moodle.local/lib/requirejs.php/1789874665/core/first.js:860
[19691804ms] [LOG] Starting Moodle session timeout warning. @ http://moodle.local/lib/requirejs.php/1789874665/core/first.js:860
[19780295ms] [LOG] Debug module "M.reactive" loaded. @ http://moodle.local/lib/requirejs.php/1789874665/core/first.js:638
[19780297ms] [LOG] Registering new reactive instance "M.reactive.ProcessMonitor" @ http://moodle.local/lib/requirejs.php/1789874665/core/first.js:638
[19780299ms] [LOG] Registering new reactive instance "M.reactive.CourseEditor9" @ http://moodle.local/lib/requirejs.php/1789874665/core/first.js:638
[19780351ms] [LOG] Page is missing a drawer region @ http://moodle.local/lib/requirejs.php/1789874665/core/first.js:5468
[19780351ms] [LOG] Page is missing a drawer toggle link @ http://moodle.local/lib/requirejs.php/1789874665/core/first.js:5468
[19780356ms] [LOG] Starting Moodle session timeout warning. @ http://moodle.local/lib/requirejs.php/1789874665/core/first.js:860
[19851867ms] [LOG] Debug module "M.reactive" loaded. @ http://moodle.local/lib/requirejs.php/1789874852/core/first.js:638
[19851870ms] [LOG] Registering new reactive instance "M.reactive.ProcessMonitor" @ http://moodle.local/lib/requirejs.php/1789874852/core/first.js:638
[19851871ms] [LOG] Registering new reactive instance "M.reactive.CourseEditor9" @ http://moodle.local/lib/requirejs.php/1789874852/core/first.js:638
[19851898ms] [LOG] Page is missing a drawer region @ http://moodle.local/lib/requirejs.php/1789874852/core/first.js:5468
[19851898ms] [LOG] Page is missing a drawer toggle link @ http://moodle.local/lib/requirejs.php/1789874852/core/first.js:5468
[19851911ms] [LOG] Starting Moodle session timeout warning. @ http://moodle.local/lib/requirejs.php/1789874852/core/first.js:860
[19855550ms] [LOG] Starting Moodle session timeout warning. @ http://moodle.local/lib/requirejs.php/1789874852/core/first.js:860
[20926166ms] [LOG] Debug module "M.reactive" loaded. @ http://moodle.local/lib/requirejs.php/1789874852/core/first.js:638
[20926169ms] [LOG] Registering new reactive instance "M.reactive.ProcessMonitor" @ http://moodle.local/lib/requirejs.php/1789874852/core/first.js:638
[20926172ms] [LOG] Registering new reactive instance "M.reactive.CourseEditor9" @ http://moodle.local/lib/requirejs.php/1789874852/core/first.js:638
[20926201ms] [LOG] Page is missing a drawer region @ http://moodle.local/lib/requirejs.php/1789874852/core/first.js:5468
[20926201ms] [LOG] Page is missing a drawer toggle link @ http://moodle.local/lib/requirejs.php/1789874852/core/first.js:5468
[20926215ms] [LOG] Starting Moodle session timeout warning. @ http://moodle.local/lib/requirejs.php/1789874852/core/first.js:860
[21537707ms] [LOG] Debug module "M.reactive" loaded. @ http://moodle.local/lib/requirejs.php/1789874852/core/first.js:638
[21537709ms] [LOG] Registering new reactive instance "M.reactive.ProcessMonitor" @ http://moodle.local/lib/requirejs.php/1789874852/core/first.js:638
[21537709ms] [LOG] Registering new reactive instance "M.reactive.CourseEditor9" @ http://moodle.local/lib/requirejs.php/1789874852/core/first.js:638
[21537773ms] [LOG] Page is missing a drawer region @ http://moodle.local/lib/requirejs.php/1789874852/core/first.js:5468
[21537773ms] [LOG] Page is missing a drawer toggle link @ http://moodle.local/lib/requirejs.php/1789874852/core/first.js:5468
[21537782ms] [LOG] Starting Moodle session timeout warning. @ http://moodle.local/lib/requirejs.php/1789874852/core/first.js:860
[21614199ms] [LOG] Debug module "M.reactive" loaded. @ http://moodle.local/lib/requirejs.php/1789874852/core/first.js:638
[21614202ms] [LOG] Registering new reactive instance "M.reactive.ProcessMonitor" @ http://moodle.local/lib/requirejs.php/1789874852/core/first.js:638
[21614204ms] [LOG] Registering new reactive instance "M.reactive.CourseEditor9" @ http://moodle.local/lib/requirejs.php/1789874852/core/first.js:638
[21614253ms] [LOG] Page is missing a drawer region @ http://moodle.local/lib/requirejs.php/1789874852/core/first.js:5468
[21614253ms] [LOG] Page is missing a drawer toggle link @ http://moodle.local/lib/requirejs.php/1789874852/core/first.js:5468
[21614258ms] [LOG] Starting Moodle session timeout warning. @ http://moodle.local/lib/requirejs.php/1789874852/core/first.js:860
[21643955ms] [LOG] Debug module "M.reactive" loaded. @ http://moodle.local/lib/requirejs.php/1789874852/core/first.js:638
[21643956ms] [LOG] Registering new reactive instance "M.reactive.ProcessMonitor" @ http://moodle.local/lib/requirejs.php/1789874852/core/first.js:638
[21643957ms] [LOG] Registering new reactive instance "M.reactive.CourseEditor9" @ http://moodle.local/lib/requirejs.php/1789874852/core/first.js:638
[21643972ms] [LOG] Page is missing a drawer region @ http://moodle.local/lib/requirejs.php/1789874852/core/first.js:5468
[21643972ms] [LOG] Page is missing a drawer toggle link @ http://moodle.local/lib/requirejs.php/1789874852/core/first.js:5468
[21643981ms] [LOG] Starting Moodle session timeout warning. @ http://moodle.local/lib/requirejs.php/1789874852/core/first.js:860
[21701476ms] [LOG] Debug module "M.reactive" loaded. @ http://moodle.local/lib/requirejs.php/1789876694/core/first.js:638
[21701478ms] [LOG] Registering new reactive instance "M.reactive.ProcessMonitor" @ http://moodle.local/lib/requirejs.php/1789876694/core/first.js:638
[21701480ms] [LOG] Registering new reactive instance "M.reactive.CourseEditor9" @ http://moodle.local/lib/requirejs.php/1789876694/core/first.js:638
[21701501ms] [LOG] Page is missing a drawer region @ http://moodle.local/lib/requirejs.php/1789876694/core/first.js:5468
[21701502ms] [LOG] Page is missing a drawer toggle link @ http://moodle.local/lib/requirejs.php/1789876694/core/first.js:5468
[21701512ms] [LOG] Starting Moodle session timeout warning. @ http://moodle.local/lib/requirejs.php/1789876694/core/first.js:860
[27712534ms] [LOG] Starting Moodle session timeout warning. @ http://moodle.local/lib/requirejs.php/1789876694/core/first.js:860
[27786809ms] [LOG] Debug module "M.reactive" loaded. @ http://moodle.local/lib/requirejs.php/1789882774/core/first.js:638
[27786811ms] [LOG] Registering new reactive instance "M.reactive.ProcessMonitor" @ http://moodle.local/lib/requirejs.php/1789882774/core/first.js:638
[27786812ms] [LOG] Registering new reactive instance "M.reactive.CourseEditor9" @ http://moodle.local/lib/requirejs.php/1789882774/core/first.js:638
[27786851ms] [LOG] Page is missing a drawer region @ http://moodle.local/lib/requirejs.php/1789882774/core/first.js:5468
[27786851ms] [LOG] Page is missing a drawer toggle link @ http://moodle.local/lib/requirejs.php/1789882774/core/first.js:5468
[27786862ms] [LOG] Starting Moodle session timeout warning. @ http://moodle.local/lib/requirejs.php/1789882774/core/first.js:860
[27792306ms] [LOG] Starting Moodle session timeout warning. @ http://moodle.local/lib/requirejs.php/1789882774/core/first.js:860
[27838892ms] [LOG] Debug module "M.reactive" loaded. @ http://moodle.local/lib/requirejs.php/1789882836/core/first.js:638
[27838893ms] [LOG] Registering new reactive instance "M.reactive.ProcessMonitor" @ http://moodle.local/lib/requirejs.php/1789882836/core/first.js:638
[27838894ms] [LOG] Registering new reactive instance "M.reactive.CourseEditor9" @ http://moodle.local/lib/requirejs.php/1789882836/core/first.js:638
[27838935ms] [LOG] Page is missing a drawer region @ http://moodle.local/lib/requirejs.php/1789882836/core/first.js:5468
[27838935ms] [LOG] Page is missing a drawer toggle link @ http://moodle.local/lib/requirejs.php/1789882836/core/first.js:5468
[27838946ms] [LOG] Starting Moodle session timeout warning. @ http://moodle.local/lib/requirejs.php/1789882836/core/first.js:860
[27886286ms] [LOG] Starting Moodle session timeout warning. @ http://moodle.local/lib/requirejs.php/1789882892/core/first.js:860
[27892891ms] [LOG] Starting Moodle session timeout warning. @ http://moodle.local/lib/requirejs.php/1789882892/core/first.js:860
[29902098ms] [LOG] Debug module "M.reactive" loaded. @ http://moodle.local/lib/requirejs.php/1789882892/core/first.js:638
[29902099ms] [LOG] Registering new reactive instance "M.reactive.ProcessMonitor" @ http://moodle.local/lib/requirejs.php/1789882892/core/first.js:638
[29902100ms] [LOG] Registering new reactive instance "M.reactive.CourseEditor9" @ http://moodle.local/lib/requirejs.php/1789882892/core/first.js:638
[29902146ms] [LOG] Page is missing a drawer region @ http://moodle.local/lib/requirejs.php/1789882892/core/first.js:5468
[29902146ms] [LOG] Page is missing a drawer toggle link @ http://moodle.local/lib/requirejs.php/1789882892/core/first.js:5468
[29902155ms] [LOG] Starting Moodle session timeout warning. @ http://moodle.local/lib/requirejs.php/1789882892/core/first.js:860
[29926150ms] [LOG] Debug module "M.reactive" loaded. @ http://moodle.local/lib/requirejs.php/1789882892/core/first.js:638
[29926153ms] [LOG] Registering new reactive instance "M.reactive.ProcessMonitor" @ http://moodle.local/lib/requirejs.php/1789882892/core/first.js:638
[29926155ms] [LOG] Registering new reactive instance "M.reactive.CourseEditor9" @ http://moodle.local/lib/requirejs.php/1789882892/core/first.js:638
[29926180ms] [LOG] Page is missing a drawer region @ http://moodle.local/lib/requirejs.php/1789882892/core/first.js:5468
[29926180ms] [LOG] Page is missing a drawer toggle link @ http://moodle.local/lib/requirejs.php/1789882892/core/first.js:5468
[29926184ms] [LOG] Starting Moodle session timeout warning. @ http://moodle.local/lib/requirejs.php/1789882892/core/first.js:860
[30129536ms] [LOG] Debug module "M.reactive" loaded. @ http://moodle.local/lib/requirejs.php/1789882892/core/first.js:638
[30129539ms] [LOG] Registering new reactive instance "M.reactive.ProcessMonitor" @ http://moodle.local/lib/requirejs.php/1789882892/core/first.js:638
[30129540ms] [LOG] Registering new reactive instance "M.reactive.CourseEditor9" @ http://moodle.local/lib/requirejs.php/1789882892/core/first.js:638
[30129574ms] [LOG] Page is missing a drawer region @ http://moodle.local/lib/requirejs.php/1789882892/core/first.js:5468
[30129574ms] [LOG] Page is missing a drawer toggle link @ http://moodle.local/lib/requirejs.php/1789882892/core/first.js:5468
[30129589ms] [LOG] Starting Moodle session timeout warning. @ http://moodle.local/lib/requirejs.php/1789882892/core/first.js:860
[30241996ms] [LOG] Debug module "M.reactive" loaded. @ http://moodle.local/lib/requirejs.php/1789885234/core/first.js:638
[30241998ms] [LOG] Registering new reactive instance "M.reactive.ProcessMonitor" @ http://moodle.local/lib/requirejs.php/1789885234/core/first.js:638
[30242000ms] [LOG] Registering new reactive instance "M.reactive.CourseEditor9" @ http://moodle.local/lib/requirejs.php/1789885234/core/first.js:638
[30242041ms] [LOG] Page is missing a drawer region @ http://moodle.local/lib/requirejs.php/1789885234/core/first.js:5468
[30242041ms] [LOG] Page is missing a drawer toggle link @ http://moodle.local/lib/requirejs.php/1789885234/core/first.js:5468
[30242052ms] [LOG] Starting Moodle session timeout warning. @ http://moodle.local/lib/requirejs.php/1789885234/core/first.js:860
[30252559ms] [LOG] Starting Moodle session timeout warning. @ http://moodle.local/lib/requirejs.php/1789885234/core/first.js:860
[30269198ms] [LOG] Debug module "M.reactive" loaded. @ http://moodle.local/lib/requirejs.php/1789885234/core/first.js:638
[30269198ms] [LOG] Registering new reactive instance "M.reactive.ProcessMonitor" @ http://moodle.local/lib/requirejs.php/1789885234/core/first.js:638
[30269199ms] [LOG] Registering new reactive instance "M.reactive.CourseEditor9" @ http://moodle.local/lib/requirejs.php/1789885234/core/first.js:638
[30269214ms] [LOG] Page is missing a drawer region @ http://moodle.local/lib/requirejs.php/1789885234/core/first.js:5468
[30269214ms] [LOG] Page is missing a drawer toggle link @ http://moodle.local/lib/requirejs.php/1789885234/core/first.js:5468
[30269227ms] [LOG] Starting Moodle session timeout warning. @ http://moodle.local/lib/requirejs.php/1789885234/core/first.js:860
[30639764ms] [LOG] Debug module "M.reactive" loaded. @ http://moodle.local/lib/requirejs.php/1789885638/core/first.js:638
[30639766ms] [LOG] Registering new reactive instance "M.reactive.ProcessMonitor" @ http://moodle.local/lib/requirejs.php/1789885638/core/first.js:638
[30639767ms] [LOG] Registering new reactive instance "M.reactive.CourseEditor9" @ http://moodle.local/lib/requirejs.php/1789885638/core/first.js:638
[30639794ms] [LOG] Page is missing a drawer region @ http://moodle.local/lib/requirejs.php/1789885638/core/first.js:5468
[30639794ms] [LOG] Page is missing a drawer toggle link @ http://moodle.local/lib/requirejs.php/1789885638/core/first.js:5468
[30639806ms] [LOG] Starting Moodle session timeout warning. @ http://moodle.local/lib/requirejs.php/1789885638/core/first.js:860
[30646246ms] [LOG] Starting Moodle session timeout warning. @ http://moodle.local/lib/requirejs.php/1789885638/core/first.js:860
[30657257ms] [LOG] Debug module "M.reactive" loaded. @ http://moodle.local/lib/requirejs.php/1789885638/core/first.js:638
[30657262ms] [LOG] Registering new reactive instance "M.reactive.ProcessMonitor" @ http://moodle.local/lib/requirejs.php/1789885638/core/first.js:638
[30657263ms] [LOG] Registering new reactive instance "M.reactive.CourseEditor9" @ http://moodle.local/lib/requirejs.php/1789885638/core/first.js:638
[30657287ms] [LOG] Page is missing a drawer region @ http://moodle.local/lib/requirejs.php/1789885638/core/first.js:5468
[30657287ms] [LOG] Page is missing a drawer toggle link @ http://moodle.local/lib/requirejs.php/1789885638/core/first.js:5468
[30657304ms] [LOG] Starting Moodle session timeout warning. @ http://moodle.local/lib/requirejs.php/1789885638/core/first.js:860
[30665563ms] [LOG] Debug module "M.reactive" loaded. @ http://moodle.local/lib/requirejs.php/1789885638/core/first.js:638
[30665564ms] [LOG] Registering new reactive instance "M.reactive.ProcessMonitor" @ http://moodle.local/lib/requirejs.php/1789885638/core/first.js:638
[30665565ms] [LOG] Registering new reactive instance "M.reactive.CourseEditor9" @ http://moodle.local/lib/requirejs.php/1789885638/core/first.js:638
[30665583ms] [LOG] Page is missing a drawer region @ http://moodle.local/lib/requirejs.php/1789885638/core/first.js:5468
[30665583ms] [LOG] Page is missing a drawer toggle link @ http://moodle.local/lib/requirejs.php/1789885638/core/first.js:5468
[30665590ms] [LOG] Starting Moodle session timeout warning. @ http://moodle.local/lib/requirejs.php/1789885638/core/first.js:860
[31406094ms] [LOG] Debug module "M.reactive" loaded. @ http://moodle.local/lib/requirejs.php/1789885711/core/first.js:638
[31406096ms] [LOG] Registering new reactive instance "M.reactive.ProcessMonitor" @ http://moodle.local/lib/requirejs.php/1789885711/core/first.js:638
[31406098ms] [LOG] Registering new reactive instance "M.reactive.CourseEditor9" @ http://moodle.local/lib/requirejs.php/1789885711/core/first.js:638
[31406127ms] [LOG] Page is missing a drawer region @ http://moodle.local/lib/requirejs.php/1789885711/core/first.js:5468
[31406128ms] [LOG] Page is missing a drawer toggle link @ http://moodle.local/lib/requirejs.php/1789885711/core/first.js:5468
[31406141ms] [LOG] Starting Moodle session timeout warning. @ http://moodle.local/lib/requirejs.php/1789885711/core/first.js:860
[37320713ms] [LOG] Starting Moodle session timeout warning. @ http://moodle.local/lib/requirejs.php/1789892319/core/first.js:860
[37326486ms] [LOG] Starting Moodle session timeout warning. @ http://moodle.local/lib/requirejs.php/1789892319/core/first.js:860
[45898931ms] [LOG] Debug module "M.reactive" loaded. @ http://moodle.local/lib/requirejs.php/1789900880/core/first.js:638
[45898934ms] [LOG] Registering new reactive instance "M.reactive.ProcessMonitor" @ http://moodle.local/lib/requirejs.php/1789900880/core/first.js:638
[45898935ms] [LOG] Registering new reactive instance "M.reactive.CourseEditor9" @ http://moodle.local/lib/requirejs.php/1789900880/core/first.js:638
[45898980ms] [LOG] Page is missing a drawer region @ http://moodle.local/lib/requirejs.php/1789900880/core/first.js:5469
[45898980ms] [LOG] Page is missing a drawer toggle link @ http://moodle.local/lib/requirejs.php/1789900880/core/first.js:5469
[45898993ms] [LOG] Starting Moodle session timeout warning. @ http://moodle.local/lib/requirejs.php/1789900880/core/first.js:860
[45912971ms] [LOG] Starting Moodle session timeout warning. @ http://moodle.local/lib/requirejs.php/1789900880/core/first.js:860
[46375583ms] [LOG] Debug module "M.reactive" loaded. @ http://moodle.local/lib/requirejs.php/1789900880/core/first.js:638
[46375588ms] [LOG] Registering new reactive instance "M.reactive.ProcessMonitor" @ http://moodle.local/lib/requirejs.php/1789900880/core/first.js:638
[46375590ms] [LOG] Registering new reactive instance "M.reactive.CourseEditor9" @ http://moodle.local/lib/requirejs.php/1789900880/core/first.js:638
[46375640ms] [LOG] Page is missing a drawer region @ http://moodle.local/lib/requirejs.php/1789900880/core/first.js:5469
[46375640ms] [LOG] Page is missing a drawer toggle link @ http://moodle.local/lib/requirejs.php/1789900880/core/first.js:5469
[46375663ms] [LOG] Starting Moodle session timeout warning. @ http://moodle.local/lib/requirejs.php/1789900880/core/first.js:860
[46380304ms] [LOG] Debug module "M.reactive" loaded. @ http://moodle.local/lib/requirejs.php/1789900880/core/first.js:638
[46380306ms] [LOG] Registering new reactive instance "M.reactive.ProcessMonitor" @ http://moodle.local/lib/requirejs.php/1789900880/core/first.js:638
[46380307ms] [LOG] Registering new reactive instance "M.reactive.CourseEditor9" @ http://moodle.local/lib/requirejs.php/1789900880/core/first.js:638
[46380335ms] [LOG] Page is missing a drawer region @ http://moodle.local/lib/requirejs.php/1789900880/core/first.js:5469
[46380335ms] [LOG] Page is missing a drawer toggle link @ http://moodle.local/lib/requirejs.php/1789900880/core/first.js:5469
[46380354ms] [LOG] Starting Moodle session timeout warning. @ http://moodle.local/lib/requirejs.php/1789900880/core/first.js:860
[46549945ms] [LOG] Debug module "M.reactive" loaded. @ http://moodle.local/lib/requirejs.php/1789901535/core/first.js:638
[46549948ms] [LOG] Registering new reactive instance "M.reactive.ProcessMonitor" @ http://moodle.local/lib/requirejs.php/1789901535/core/first.js:638
[46549950ms] [LOG] Registering new reactive instance "M.reactive.CourseEditor9" @ http://moodle.local/lib/requirejs.php/1789901535/core/first.js:638
[46549982ms] [LOG] Page is missing a drawer region @ http://moodle.local/lib/requirejs.php/1789901535/core/first.js:5469
[46549982ms] [LOG] Page is missing a drawer toggle link @ http://moodle.local/lib/requirejs.php/1789901535/core/first.js:5469
[46549995ms] [LOG] Starting Moodle session timeout warning. @ http://moodle.local/lib/requirejs.php/1789901535/core/first.js:860
[46556437ms] [LOG] Starting Moodle session timeout warning. @ http://moodle.local/lib/requirejs.php/1789901535/core/first.js:860
[46584121ms] [LOG] Debug module "M.reactive" loaded. @ http://moodle.local/lib/requirejs.php/1789901535/core/first.js:638
[46584122ms] [LOG] Registering new reactive instance "M.reactive.ProcessMonitor" @ http://moodle.local/lib/requirejs.php/1789901535/core/first.js:638
[46584123ms] [LOG] Registering new reactive instance "M.reactive.CourseEditor9" @ http://moodle.local/lib/requirejs.php/1789901535/core/first.js:638
[46584145ms] [LOG] Page is missing a drawer region @ http://moodle.local/lib/requirejs.php/1789901535/core/first.js:5469
[46584145ms] [LOG] Page is missing a drawer toggle link @ http://moodle.local/lib/requirejs.php/1789901535/core/first.js:5469
[46584154ms] [LOG] Starting Moodle session timeout warning. @ http://moodle.local/lib/requirejs.php/1789901535/core/first.js:860
[46598547ms] [LOG] Debug module "M.reactive" loaded. @ http://moodle.local/lib/requirejs.php/1789901535/core/first.js:638
[46598548ms] [LOG] Registering new reactive instance "M.reactive.ProcessMonitor" @ http://moodle.local/lib/requirejs.php/1789901535/core/first.js:638
[46598549ms] [LOG] Registering new reactive instance "M.reactive.CourseEditor9" @ http://moodle.local/lib/requirejs.php/1789901535/core/first.js:638
[46598592ms] [LOG] Page is missing a drawer region @ http://moodle.local/lib/requirejs.php/1789901535/core/first.js:5469
[46598592ms] [LOG] Page is missing a drawer toggle link @ http://moodle.local/lib/requirejs.php/1789901535/core/first.js:5469
[46598605ms] [LOG] Starting Moodle session timeout warning. @ http://moodle.local/lib/requirejs.php/1789901535/core/first.js:860
[46652728ms] [LOG] Debug module "M.reactive" loaded. @ http://moodle.local/lib/requirejs.php/1789901535/core/first.js:638
[46652729ms] [LOG] Registering new reactive instance "M.reactive.ProcessMonitor" @ http://moodle.local/lib/requirejs.php/1789901535/core/first.js:638
[46652730ms] [LOG] Registering new reactive instance "M.reactive.CourseEditor9" @ http://moodle.local/lib/requirejs.php/1789901535/core/first.js:638
[46652755ms] [LOG] Page is missing a drawer region @ http://moodle.local/lib/requirejs.php/1789901535/core/first.js:5469
[46652755ms] [LOG] Page is missing a drawer toggle link @ http://moodle.local/lib/requirejs.php/1789901535/core/first.js:5469
[46652765ms] [LOG] Starting Moodle session timeout warning. @ http://moodle.local/lib/requirejs.php/1789901535/core/first.js:860
[46657048ms] [LOG] Debug module "M.reactive" loaded. @ http://moodle.local/lib/requirejs.php/1789901535/core/first.js:638
[46657049ms] [LOG] Registering new reactive instance "M.reactive.ProcessMonitor" @ http://moodle.local/lib/requirejs.php/1789901535/core/first.js:638
[46657051ms] [LOG] Registering new reactive instance "M.reactive.CourseEditor9" @ http://moodle.local/lib/requirejs.php/1789901535/core/first.js:638
[46657072ms] [LOG] Page is missing a drawer region @ http://moodle.local/lib/requirejs.php/1789901535/core/first.js:5469
[46657072ms] [LOG] Page is missing a drawer toggle link @ http://moodle.local/lib/requirejs.php/1789901535/core/first.js:5469
[46657081ms] [LOG] Starting Moodle session timeout warning. @ http://moodle.local/lib/requirejs.php/1789901535/core/first.js:860
[46686835ms] [ERROR] Failed to load resource: net::ERR_FAILED @ http://moodle.local/lib/ajax/service.php?sesskey=AoOLkGVbuD&info=core_courseformat_update_course:0
[46732616ms] [LOG] Debug module "M.reactive" loaded. @ http://moodle.local/lib/requirejs.php/1789901535/core/first.js:638
[46732617ms] [LOG] Registering new reactive instance "M.reactive.ProcessMonitor" @ http://moodle.local/lib/requirejs.php/1789901535/core/first.js:638
[46732618ms] [LOG] Registering new reactive instance "M.reactive.CourseEditor9" @ http://moodle.local/lib/requirejs.php/1789901535/core/first.js:638
[46732645ms] [LOG] Page is missing a drawer region @ http://moodle.local/lib/requirejs.php/1789901535/core/first.js:5469
[46732645ms] [LOG] Page is missing a drawer toggle link @ http://moodle.local/lib/requirejs.php/1789901535/core/first.js:5469
[46732660ms] [LOG] Starting Moodle session timeout warning. @ http://moodle.local/lib/requirejs.php/1789901535/core/first.js:860
[46737377ms] [LOG] Debug module "M.reactive" loaded. @ http://moodle.local/lib/requirejs.php/1789901535/core/first.js:638
[46737378ms] [LOG] Registering new reactive instance "M.reactive.ProcessMonitor" @ http://moodle.local/lib/requirejs.php/1789901535/core/first.js:638
[46737379ms] [LOG] Registering new reactive instance "M.reactive.CourseEditor9" @ http://moodle.local/lib/requirejs.php/1789901535/core/first.js:638
[46737399ms] [LOG] Page is missing a drawer region @ http://moodle.local/lib/requirejs.php/1789901535/core/first.js:5469
[46737399ms] [LOG] Page is missing a drawer toggle link @ http://moodle.local/lib/requirejs.php/1789901535/core/first.js:5469
[46737408ms] [LOG] Starting Moodle session timeout warning. @ http://moodle.local/lib/requirejs.php/1789901535/core/first.js:860
[46815572ms] [LOG] Debug module "M.reactive" loaded. @ http://moodle.local/lib/requirejs.php/1789901535/core/first.js:638
[46815574ms] [LOG] Registering new reactive instance "M.reactive.ProcessMonitor" @ http://moodle.local/lib/requirejs.php/1789901535/core/first.js:638
[46815575ms] [LOG] Registering new reactive instance "M.reactive.CourseEditor9" @ http://moodle.local/lib/requirejs.php/1789901535/core/first.js:638
[46815597ms] [LOG] Page is missing a drawer region @ http://moodle.local/lib/requirejs.php/1789901535/core/first.js:5469
[46815597ms] [LOG] Page is missing a drawer toggle link @ http://moodle.local/lib/requirejs.php/1789901535/core/first.js:5469
[46815606ms] [LOG] Starting Moodle session timeout warning. @ http://moodle.local/lib/requirejs.php/1789901535/core/first.js:860
[46820223ms] [LOG] Debug module "M.reactive" loaded. @ http://moodle.local/lib/requirejs.php/1789901535/core/first.js:638
[46820225ms] [LOG] Registering new reactive instance "M.reactive.ProcessMonitor" @ http://moodle.local/lib/requirejs.php/1789901535/core/first.js:638
[46820225ms] [LOG] Registering new reactive instance "M.reactive.CourseEditor9" @ http://moodle.local/lib/requirejs.php/1789901535/core/first.js:638
[46820271ms] [LOG] Page is missing a drawer region @ http://moodle.local/lib/requirejs.php/1789901535/core/first.js:5469
[46820271ms] [LOG] Page is missing a drawer toggle link @ http://moodle.local/lib/requirejs.php/1789901535/core/first.js:5469
[46820278ms] [LOG] Starting Moodle session timeout warning. @ http://moodle.local/lib/requirejs.php/1789901535/core/first.js:860
[46830184ms] [LOG] Debug module "M.reactive" loaded. @ http://moodle.local/lib/requirejs.php/1789901535/core/first.js:638
[46830185ms] [LOG] Registering new reactive instance "M.reactive.ProcessMonitor" @ http://moodle.local/lib/requirejs.php/1789901535/core/first.js:638
[46830187ms] [LOG] Registering new reactive instance "M.reactive.CourseEditor9" @ http://moodle.local/lib/requirejs.php/1789901535/core/first.js:638
[46830211ms] [LOG] Page is missing a drawer region @ http://moodle.local/lib/requirejs.php/1789901535/core/first.js:5469
[46830211ms] [LOG] Page is missing a drawer toggle link @ http://moodle.local/lib/requirejs.php/1789901535/core/first.js:5469
[46830232ms] [LOG] Starting Moodle session timeout warning. @ http://moodle.local/lib/requirejs.php/1789901535/core/first.js:860
[46847420ms] [LOG] Debug module "M.reactive" loaded. @ http://moodle.local/lib/requirejs.php/1789901535/core/first.js:638
[46847421ms] [LOG] Registering new reactive instance "M.reactive.ProcessMonitor" @ http://moodle.local/lib/requirejs.php/1789901535/core/first.js:638
[46847423ms] [LOG] Registering new reactive instance "M.reactive.CourseEditor9" @ http://moodle.local/lib/requirejs.php/1789901535/core/first.js:638
[46847445ms] [LOG] Page is missing a drawer region @ http://moodle.local/lib/requirejs.php/1789901535/core/first.js:5469
[46847445ms] [LOG] Page is missing a drawer toggle link @ http://moodle.local/lib/requirejs.php/1789901535/core/first.js:5469
[46847453ms] [LOG] Starting Moodle session timeout warning. @ http://moodle.local/lib/requirejs.php/1789901535/core/first.js:860
[46852051ms] [LOG] Debug module "M.reactive" loaded. @ http://moodle.local/lib/requirejs.php/1789901535/core/first.js:638
[46852052ms] [LOG] Registering new reactive instance "M.reactive.ProcessMonitor" @ http://moodle.local/lib/requirejs.php/1789901535/core/first.js:638
[46852053ms] [LOG] Registering new reactive instance "M.reactive.CourseEditor9" @ http://moodle.local/lib/requirejs.php/1789901535/core/first.js:638
[46852074ms] [LOG] Page is missing a drawer region @ http://moodle.local/lib/requirejs.php/1789901535/core/first.js:5469
[46852074ms] [LOG] Page is missing a drawer toggle link @ http://moodle.local/lib/requirejs.php/1789901535/core/first.js:5469
[46852080ms] [LOG] Starting Moodle session timeout warning. @ http://moodle.local/lib/requirejs.php/1789901535/core/first.js:860
