[   24672ms] [LOG] Debug module "M.reactive" loaded. @ http://moodle.local/lib/requirejs.php/1789992383/core/first.js:638
[   24674ms] [LOG] Registering new reactive instance "M.reactive.ProcessMonitor" @ http://moodle.local/lib/requirejs.php/1789992383/core/first.js:638
[   24675ms] [LOG] Registering new reactive instance "M.reactive.CourseEditor8" @ http://moodle.local/lib/requirejs.php/1789992383/core/first.js:638
[   24704ms] [LOG] Page is missing a drawer region @ http://moodle.local/lib/requirejs.php/1789992383/core/first.js:5470
[   24704ms] [LOG] Page is missing a drawer toggle link @ http://moodle.local/lib/requirejs.php/1789992383/core/first.js:5470
[   24711ms] [LOG] Starting Moodle session timeout warning. @ http://moodle.local/lib/requirejs.php/1789992383/core/first.js:860
[   30544ms] [LOG] Starting Moodle session timeout warning. @ http://moodle.local/lib/requirejs.php/1789992383/core/first.js:860
[   34936ms] [LOG] Debug module "M.reactive" loaded. @ http://moodle.local/lib/requirejs.php/1789992383/core/first.js:638
[   34937ms] [LOG] Registering new reactive instance "M.reactive.ProcessMonitor" @ http://moodle.local/lib/requirejs.php/1789992383/core/first.js:638
[   34938ms] [LOG] Registering new reactive instance "M.reactive.CourseEditor8" @ http://moodle.local/lib/requirejs.php/1789992383/core/first.js:638
[   34961ms] [LOG] Page is missing a drawer region @ http://moodle.local/lib/requirejs.php/1789992383/core/first.js:5470
[   34961ms] [LOG] Page is missing a drawer toggle link @ http://moodle.local/lib/requirejs.php/1789992383/core/first.js:5470
[   34963ms] [LOG] Starting Moodle session timeout warning. @ http://moodle.local/lib/requirejs.php/1789992383/core/first.js:860
[   37607ms] [LOG] Debug module "M.reactive" loaded. @ http://moodle.local/lib/requirejs.php/1789992383/core/first.js:638
[   37607ms] [LOG] Registering new reactive instance "M.reactive.ProcessMonitor" @ http://moodle.local/lib/requirejs.php/1789992383/core/first.js:638
[   37608ms] [LOG] Registering new reactive instance "M.reactive.CourseEditor8" @ http://moodle.local/lib/requirejs.php/1789992383/core/first.js:638
[   37626ms] [LOG] Page is missing a drawer region @ http://moodle.local/lib/requirejs.php/1789992383/core/first.js:5470
[   37626ms] [LOG] Page is missing a drawer toggle link @ http://moodle.local/lib/requirejs.php/1789992383/core/first.js:5470
[   37634ms] [LOG] Starting Moodle session timeout warning. @ http://moodle.local/lib/requirejs.php/1789992383/core/first.js:860
[   41120ms] [LOG] Debug module "M.reactive" loaded. @ http://moodle.local/lib/requirejs.php/1789992383/core/first.js:638
[   41120ms] [LOG] Registering new reactive instance "M.reactive.ProcessMonitor" @ http://moodle.local/lib/requirejs.php/1789992383/core/first.js:638
[   41121ms] [LOG] Registering new reactive instance "M.reactive.CourseEditor8" @ http://moodle.local/lib/requirejs.php/1789992383/core/first.js:638
[   41146ms] [LOG] Page is missing a drawer region @ http://moodle.local/lib/requirejs.php/1789992383/core/first.js:5470
[   41146ms] [LOG] Page is missing a drawer toggle link @ http://moodle.local/lib/requirejs.php/1789992383/core/first.js:5470
[   41147ms] [LOG] Starting Moodle session timeout warning. @ http://moodle.local/lib/requirejs.php/1789992383/core/first.js:860
[   43802ms] [LOG] Debug module "M.reactive" loaded. @ http://moodle.local/lib/requirejs.php/1789992383/core/first.js:638
[   43803ms] [LOG] Registering new reactive instance "M.reactive.ProcessMonitor" @ http://moodle.local/lib/requirejs.php/1789992383/core/first.js:638
[   43804ms] [LOG] Registering new reactive instance "M.reactive.CourseEditor8" @ http://moodle.local/lib/requirejs.php/1789992383/core/first.js:638
[   43827ms] [LOG] Page is missing a drawer region @ http://moodle.local/lib/requirejs.php/1789992383/core/first.js:5470
[   43827ms] [LOG] Page is missing a drawer toggle link @ http://moodle.local/lib/requirejs.php/1789992383/core/first.js:5470
[   43845ms] [LOG] Starting Moodle session timeout warning. @ http://moodle.local/lib/requirejs.php/1789992383/core/first.js:860
[   55497ms] [LOG] Debug module "M.reactive" loaded. @ http://moodle.local/lib/requirejs.php/1789992383/core/first.js:638
[   55498ms] [LOG] Registering new reactive instance "M.reactive.ProcessMonitor" @ http://moodle.local/lib/requirejs.php/1789992383/core/first.js:638
[   55499ms] [LOG] Registering new reactive instance "M.reactive.CourseEditor8" @ http://moodle.local/lib/requirejs.php/1789992383/core/first.js:638
[   55516ms] [LOG] Page is missing a drawer region @ http://moodle.local/lib/requirejs.php/1789992383/core/first.js:5470
[   55517ms] [LOG] Page is missing a drawer toggle link @ http://moodle.local/lib/requirejs.php/1789992383/core/first.js:5470
[   55524ms] [LOG] Starting Moodle session timeout warning. @ http://moodle.local/lib/requirejs.php/1789992383/core/first.js:860
[  314266ms] [LOG] Debug module "M.reactive" loaded. @ http://moodle.local/lib/requirejs.php/1789992452/core/first.js:638
[  314267ms] [LOG] Registering new reactive instance "M.reactive.ProcessMonitor" @ http://moodle.local/lib/requirejs.php/1789992452/core/first.js:638
[  314268ms] [LOG] Registering new reactive instance "M.reactive.CourseEditor8" @ http://moodle.local/lib/requirejs.php/1789992452/core/first.js:638
[  314297ms] [LOG] Page is missing a drawer region @ http://moodle.local/lib/requirejs.php/1789992452/core/first.js:5470
[  314297ms] [LOG] Page is missing a drawer toggle link @ http://moodle.local/lib/requirejs.php/1789992452/core/first.js:5470
[  314305ms] [LOG] Starting Moodle session timeout warning. @ http://moodle.local/lib/requirejs.php/1789992452/core/first.js:860
[  320144ms] [LOG] Starting Moodle session timeout warning. @ http://moodle.local/lib/requirejs.php/1789992452/core/first.js:860
[  335421ms] [LOG] Debug module "M.reactive" loaded. @ http://moodle.local/lib/requirejs.php/1789992452/core/first.js:638
[  335422ms] [LOG] Registering new reactive instance "M.reactive.ProcessMonitor" @ http://moodle.local/lib/requirejs.php/1789992452/core/first.js:638
[  335423ms] [LOG] Registering new reactive instance "M.reactive.CourseEditor8" @ http://moodle.local/lib/requirejs.php/1789992452/core/first.js:638
[  335450ms] [LOG] Page is missing a drawer region @ http://moodle.local/lib/requirejs.php/1789992452/core/first.js:5470
[  335450ms] [LOG] Page is missing a drawer toggle link @ http://moodle.local/lib/requirejs.php/1789992452/core/first.js:5470
[  335461ms] [LOG] Starting Moodle session timeout warning. @ http://moodle.local/lib/requirejs.php/1789992452/core/first.js:860
[  356937ms] [LOG] Debug module "M.reactive" loaded. @ http://moodle.local/lib/requirejs.php/1789992452/core/first.js:638
[  356944ms] [LOG] Page is missing a drawer region @ http://moodle.local/lib/requirejs.php/1789992452/core/first.js:5470
[  356944ms] [LOG] Page is missing a drawer toggle link @ http://moodle.local/lib/requirejs.php/1789992452/core/first.js:5470
[  356945ms] [LOG] Starting Moodle session timeout warning. @ http://moodle.local/lib/requirejs.php/1789992452/core/first.js:860
[  362011ms] [LOG] Debug module "M.reactive" loaded. @ http://moodle.local/lib/requirejs.php/1789992452/core/first.js:638
[  362022ms] [LOG] Page is missing a drawer region @ http://moodle.local/lib/requirejs.php/1789992452/core/first.js:5470
[  362022ms] [LOG] Page is missing a drawer toggle link @ http://moodle.local/lib/requirejs.php/1789992452/core/first.js:5470
[  362023ms] [LOG] Starting Moodle session timeout warning. @ http://moodle.local/lib/requirejs.php/1789992452/core/first.js:860
[  379342ms] [LOG] Debug module "M.reactive" loaded. @ http://moodle.local/lib/requirejs.php/1789992452/core/first.js:638
[  379352ms] [LOG] Page is missing a drawer region @ http://moodle.local/lib/requirejs.php/1789992452/core/first.js:5470
[  379352ms] [LOG] Page is missing a drawer toggle link @ http://moodle.local/lib/requirejs.php/1789992452/core/first.js:5470
[  379353ms] [LOG] Starting Moodle session timeout warning. @ http://moodle.local/lib/requirejs.php/1789992452/core/first.js:860
[  385735ms] [LOG] Debug module "M.reactive" loaded. @ http://moodle.local/lib/requirejs.php/1789992452/core/first.js:638
[  385742ms] [LOG] Page is missing a drawer region @ http://moodle.local/lib/requirejs.php/1789992452/core/first.js:5470
[  385743ms] [LOG] Page is missing a drawer toggle link @ http://moodle.local/lib/requirejs.php/1789992452/core/first.js:5470
[  385743ms] [LOG] Starting Moodle session timeout warning. @ http://moodle.local/lib/requirejs.php/1789992452/core/first.js:860
[  390006ms] [LOG] Debug module "M.reactive" loaded. @ http://moodle.local/lib/requirejs.php/1789992452/core/first.js:638
[  390012ms] [LOG] Page is missing a drawer region @ http://moodle.local/lib/requirejs.php/1789992452/core/first.js:5470
[  390012ms] [LOG] Page is missing a drawer toggle link @ http://moodle.local/lib/requirejs.php/1789992452/core/first.js:5470
[  390013ms] [LOG] Starting Moodle session timeout warning. @ http://moodle.local/lib/requirejs.php/1789992452/core/first.js:860
[  398581ms] [LOG] Debug module "M.reactive" loaded. @ http://moodle.local/lib/requirejs.php/1789992452/core/first.js:638
[  398590ms] [LOG] Page is missing a drawer region @ http://moodle.local/lib/requirejs.php/1789992452/core/first.js:5470
[  398590ms] [LOG] Page is missing a drawer toggle link @ http://moodle.local/lib/requirejs.php/1789992452/core/first.js:5470
[  398592ms] [LOG] Starting Moodle session timeout warning. @ http://moodle.local/lib/requirejs.php/1789992452/core/first.js:860
[  416139ms] [LOG] Debug module "M.reactive" loaded. @ http://moodle.local/lib/requirejs.php/1789992452/core/first.js:638
[  416146ms] [LOG] Page is missing a drawer region @ http://moodle.local/lib/requirejs.php/1789992452/core/first.js:5470
[  416146ms] [LOG] Page is missing a drawer toggle link @ http://moodle.local/lib/requirejs.php/1789992452/core/first.js:5470
[  416154ms] [LOG] Starting Moodle session timeout warning. @ http://moodle.local/lib/requirejs.php/1789992452/core/first.js:860
[  433565ms] [LOG] Debug module "M.reactive" loaded. @ http://moodle.local/lib/requirejs.php/1789992452/core/first.js:638
[  433573ms] [LOG] Page is missing a drawer region @ http://moodle.local/lib/requirejs.php/1789992452/core/first.js:5470
[  433574ms] [LOG] Page is missing a drawer toggle link @ http://moodle.local/lib/requirejs.php/1789992452/core/first.js:5470
[  433575ms] [LOG] Starting Moodle session timeout warning. @ http://moodle.local/lib/requirejs.php/1789992452/core/first.js:860
[  460805ms] [LOG] Debug module "M.reactive" loaded. @ http://moodle.local/lib/requirejs.php/1789992452/core/first.js:638
[  460815ms] [LOG] Page is missing a drawer region @ http://moodle.local/lib/requirejs.php/1789992452/core/first.js:5470
[  460815ms] [LOG] Page is missing a drawer toggle link @ http://moodle.local/lib/requirejs.php/1789992452/core/first.js:5470
[  460816ms] [LOG] Starting Moodle session timeout warning. @ http://moodle.local/lib/requirejs.php/1789992452/core/first.js:860
[  481463ms] [LOG] Debug module "M.reactive" loaded. @ http://moodle.local/lib/requirejs.php/1789992452/core/first.js:638
[  481474ms] [LOG] Page is missing a drawer region @ http://moodle.local/lib/requirejs.php/1789992452/core/first.js:5470
[  481474ms] [LOG] Page is missing a drawer toggle link @ http://moodle.local/lib/requirejs.php/1789992452/core/first.js:5470
[  481475ms] [LOG] Starting Moodle session timeout warning. @ http://moodle.local/lib/requirejs.php/1789992452/core/first.js:860
[  493316ms] [LOG] Debug module "M.reactive" loaded. @ http://moodle.local/lib/requirejs.php/1789992452/core/first.js:638
[  493317ms] [LOG] Registering new reactive instance "M.reactive.ProcessMonitor" @ http://moodle.local/lib/requirejs.php/1789992452/core/first.js:638
[  493318ms] [LOG] Registering new reactive instance "M.reactive.CourseEditor9" @ http://moodle.local/lib/requirejs.php/1789992452/core/first.js:638
[  493347ms] [LOG] Page is missing a drawer region @ http://moodle.local/lib/requirejs.php/1789992452/core/first.js:5470
[  493348ms] [LOG] Page is missing a drawer toggle link @ http://moodle.local/lib/requirejs.php/1789992452/core/first.js:5470
[  493361ms] [LOG] Starting Moodle session timeout warning. @ http://moodle.local/lib/requirejs.php/1789992452/core/first.js:860
[  510679ms] [LOG] Debug module "M.reactive" loaded. @ http://moodle.local/lib/requirejs.php/1789992452/core/first.js:638
[  510680ms] [LOG] Registering new reactive instance "M.reactive.ProcessMonitor" @ http://moodle.local/lib/requirejs.php/1789992452/core/first.js:638
[  510681ms] [LOG] Registering new reactive instance "M.reactive.CourseEditor9" @ http://moodle.local/lib/requirejs.php/1789992452/core/first.js:638
[  510713ms] [LOG] Page is missing a drawer region @ http://moodle.local/lib/requirejs.php/1789992452/core/first.js:5470
[  510713ms] [LOG] Page is missing a drawer toggle link @ http://moodle.local/lib/requirejs.php/1789992452/core/first.js:5470
[  510752ms] [LOG] Starting Moodle session timeout warning. @ http://moodle.local/lib/requirejs.php/1789992452/core/first.js:860
[  521409ms] [INFO] tiny_autosave/id_summary_editor: Attempting to restore draft @ http://moodle.local/lib/requirejs.php/1789992452/core/first.js:824
[  521417ms] [LOG] tiny_autosave/id_summary_editor: Ignoring undo event as there is no undo history @ http://moodle.local/lib/requirejs.php/1789992452/core/first.js:824
[  545854ms] [LOG] tiny_autosave/id_summary_editor: Removing Autosave session @ http://moodle.local/lib/requirejs.php/1789992452/core/first.js:824
[  550800ms] [LOG] Debug module "M.reactive" loaded. @ http://moodle.local/lib/requirejs.php/1789992452/core/first.js:638
[  550801ms] [LOG] Registering new reactive instance "M.reactive.ProcessMonitor" @ http://moodle.local/lib/requirejs.php/1789992452/core/first.js:638
[  550802ms] [LOG] Registering new reactive instance "M.reactive.CourseEditor9" @ http://moodle.local/lib/requirejs.php/1789992452/core/first.js:638
[  550822ms] [LOG] Page is missing a drawer region @ http://moodle.local/lib/requirejs.php/1789992452/core/first.js:5470
[  550822ms] [LOG] Page is missing a drawer toggle link @ http://moodle.local/lib/requirejs.php/1789992452/core/first.js:5470
[  550836ms] [LOG] Starting Moodle session timeout warning. @ http://moodle.local/lib/requirejs.php/1789992452/core/first.js:860
[  575454ms] [LOG] Debug module "M.reactive" loaded. @ http://moodle.local/lib/requirejs.php/1789992452/core/first.js:638
[  575457ms] [LOG] Registering new reactive instance "M.reactive.ProcessMonitor" @ http://moodle.local/lib/requirejs.php/1789992452/core/first.js:638
[  575458ms] [LOG] Registering new reactive instance "M.reactive.CourseEditor9" @ http://moodle.local/lib/requirejs.php/1789992452/core/first.js:638
[  575484ms] [LOG] Page is missing a drawer region @ http://moodle.local/lib/requirejs.php/1789992452/core/first.js:5470
[  575484ms] [LOG] Page is missing a drawer toggle link @ http://moodle.local/lib/requirejs.php/1789992452/core/first.js:5470
[  575499ms] [LOG] Starting Moodle session timeout warning. @ http://moodle.local/lib/requirejs.php/1789992452/core/first.js:860
[  582868ms] [LOG] Debug module "M.reactive" loaded. @ http://moodle.local/lib/requirejs.php/1789992452/core/first.js:638
[  582870ms] [LOG] Registering new reactive instance "M.reactive.ProcessMonitor" @ http://moodle.local/lib/requirejs.php/1789992452/core/first.js:638
[  582872ms] [LOG] Registering new reactive instance "M.reactive.CourseEditor9" @ http://moodle.local/lib/requirejs.php/1789992452/core/first.js:638
[  582916ms] [LOG] Page is missing a drawer region @ http://moodle.local/lib/requirejs.php/1789992452/core/first.js:5470
[  582916ms] [LOG] Page is missing a drawer toggle link @ http://moodle.local/lib/requirejs.php/1789992452/core/first.js:5470
[  582922ms] [LOG] Starting Moodle session timeout warning. @ http://moodle.local/lib/requirejs.php/1789992452/core/first.js:860
[  589302ms] [LOG] Debug module "M.reactive" loaded. @ http://moodle.local/lib/requirejs.php/1789992452/core/first.js:638
[  589304ms] [LOG] Registering new reactive instance "M.reactive.ProcessMonitor" @ http://moodle.local/lib/requirejs.php/1789992452/core/first.js:638
[  589305ms] [LOG] Registering new reactive instance "M.reactive.CourseEditor9" @ http://moodle.local/lib/requirejs.php/1789992452/core/first.js:638
[  589343ms] [LOG] Page is missing a drawer region @ http://moodle.local/lib/requirejs.php/1789992452/core/first.js:5470
[  589343ms] [LOG] Page is missing a drawer toggle link @ http://moodle.local/lib/requirejs.php/1789992452/core/first.js:5470
[  589348ms] [LOG] Starting Moodle session timeout warning. @ http://moodle.local/lib/requirejs.php/1789992452/core/first.js:860
[  607913ms] Error: Unkown section with ID 58
    at Component._refreshSectionCollapsed (http://moodle.local/lib/requirejs.php/1789992452/core/first.js:2035:2844)
    at Text.listener (http://moodle.local/lib/requirejs.php/1789992452/core/first.js:758:3098)
    at _default.callWatchersHandler (http://moodle.local/lib/requirejs.php/1789992452/core/first.js:758:1324)
    at _exports.default.dispatchStateChangedEvent [as dispatchEvent] (http://moodle.local/lib/requirejs.php/1789992452/core/first.js:1807:435)
    at http://moodle.local/lib/requirejs.php/1789992452/core/first.js:776:6403
    at Array.forEach (<anonymous>)
    at _exports.default._publishEvents (http://moodle.local/lib/requirejs.php/1789992452/core/first.js:776:6171)
    at _exports.default.setReadOnly (http://moodle.local/lib/requirejs.php/1789992452/core/first.js:776:1256)
    at _exports.default._updateStateSectionPreference (http://moodle.local/lib/requirejs.php/1789992452/core/first.js:2015:13017)
    at _exports.default.sectionIndexCollapsed (http://moodle.local/lib/requirejs.php/1789992452/core/first.js:2015:11642)
[  607917ms] Error: Unkown section with ID 59
    at Component._refreshSectionCollapsed (http://moodle.local/lib/requirejs.php/1789992452/core/first.js:2035:2844)
    at Text.listener (http://moodle.local/lib/requirejs.php/1789992452/core/first.js:758:3098)
    at _default.callWatchersHandler (http://moodle.local/lib/requirejs.php/1789992452/core/first.js:758:1324)
    at _exports.default.dispatchStateChangedEvent [as dispatchEvent] (http://moodle.local/lib/requirejs.php/1789992452/core/first.js:1807:435)
    at http://moodle.local/lib/requirejs.php/1789992452/core/first.js:776:6403
    at Array.forEach (<anonymous>)
    at _exports.default._publishEvents (http://moodle.local/lib/requirejs.php/1789992452/core/first.js:776:6171)
    at _exports.default.setReadOnly (http://moodle.local/lib/requirejs.php/1789992452/core/first.js:776:1256)
    at _exports.default._updateStateSectionPreference (http://moodle.local/lib/requirejs.php/1789992452/core/first.js:2015:13017)
    at _exports.default.sectionIndexCollapsed (http://moodle.local/lib/requirejs.php/1789992452/core/first.js:2015:11642)
[  607917ms] Error: Unkown section with ID 48
    at Component._refreshSectionCollapsed (http://moodle.local/lib/requirejs.php/1789992452/core/first.js:2035:2844)
    at Text.listener (http://moodle.local/lib/requirejs.php/1789992452/core/first.js:758:3098)
    at _default.callWatchersHandler (http://moodle.local/lib/requirejs.php/1789992452/core/first.js:758:1324)
    at _exports.default.dispatchStateChangedEvent [as dispatchEvent] (http://moodle.local/lib/requirejs.php/1789992452/core/first.js:1807:435)
    at http://moodle.local/lib/requirejs.php/1789992452/core/first.js:776:6403
    at Array.forEach (<anonymous>)
    at _exports.default._publishEvents (http://moodle.local/lib/requirejs.php/1789992452/core/first.js:776:6171)
    at _exports.default.setReadOnly (http://moodle.local/lib/requirejs.php/1789992452/core/first.js:776:1256)
    at _exports.default._updateStateSectionPreference (http://moodle.local/lib/requirejs.php/1789992452/core/first.js:2015:13017)
    at _exports.default.sectionIndexCollapsed (http://moodle.local/lib/requirejs.php/1789992452/core/first.js:2015:11642)
[  607917ms] Error: Unkown section with ID 50
    at Component._refreshSectionCollapsed (http://moodle.local/lib/requirejs.php/1789992452/core/first.js:2035:2844)
    at Text.listener (http://moodle.local/lib/requirejs.php/1789992452/core/first.js:758:3098)
    at _default.callWatchersHandler (http://moodle.local/lib/requirejs.php/1789992452/core/first.js:758:1324)
    at _exports.default.dispatchStateChangedEvent [as dispatchEvent] (http://moodle.local/lib/requirejs.php/1789992452/core/first.js:1807:435)
    at http://moodle.local/lib/requirejs.php/1789992452/core/first.js:776:6403
    at Array.forEach (<anonymous>)
    at _exports.default._publishEvents (http://moodle.local/lib/requirejs.php/1789992452/core/first.js:776:6171)
    at _exports.default.setReadOnly (http://moodle.local/lib/requirejs.php/1789992452/core/first.js:776:1256)
    at _exports.default._updateStateSectionPreference (http://moodle.local/lib/requirejs.php/1789992452/core/first.js:2015:13017)
    at _exports.default.sectionIndexCollapsed (http://moodle.local/lib/requirejs.php/1789992452/core/first.js:2015:11642)
[  607918ms] Error: Unkown section with ID 52
    at Component._refreshSectionCollapsed (http://moodle.local/lib/requirejs.php/1789992452/core/first.js:2035:2844)
    at Text.listener (http://moodle.local/lib/requirejs.php/1789992452/core/first.js:758:3098)
    at _default.callWatchersHandler (http://moodle.local/lib/requirejs.php/1789992452/core/first.js:758:1324)
    at _exports.default.dispatchStateChangedEvent [as dispatchEvent] (http://moodle.local/lib/requirejs.php/1789992452/core/first.js:1807:435)
    at http://moodle.local/lib/requirejs.php/1789992452/core/first.js:776:6403
    at Array.forEach (<anonymous>)
    at _exports.default._publishEvents (http://moodle.local/lib/requirejs.php/1789992452/core/first.js:776:6171)
    at _exports.default.setReadOnly (http://moodle.local/lib/requirejs.php/1789992452/core/first.js:776:1256)
    at _exports.default._updateStateSectionPreference (http://moodle.local/lib/requirejs.php/1789992452/core/first.js:2015:13017)
    at _exports.default.sectionIndexCollapsed (http://moodle.local/lib/requirejs.php/1789992452/core/first.js:2015:11642)
[  607918ms] Error: Unkown section with ID 53
    at Component._refreshSectionCollapsed (http://moodle.local/lib/requirejs.php/1789992452/core/first.js:2035:2844)
    at Text.listener (http://moodle.local/lib/requirejs.php/1789992452/core/first.js:758:3098)
    at _default.callWatchersHandler (http://moodle.local/lib/requirejs.php/1789992452/core/first.js:758:1324)
    at _exports.default.dispatchStateChangedEvent [as dispatchEvent] (http://moodle.local/lib/requirejs.php/1789992452/core/first.js:1807:435)
    at http://moodle.local/lib/requirejs.php/1789992452/core/first.js:776:6403
    at Array.forEach (<anonymous>)
    at _exports.default._publishEvents (http://moodle.local/lib/requirejs.php/1789992452/core/first.js:776:6171)
    at _exports.default.setReadOnly (http://moodle.local/lib/requirejs.php/1789992452/core/first.js:776:1256)
    at _exports.default._updateStateSectionPreference (http://moodle.local/lib/requirejs.php/1789992452/core/first.js:2015:13017)
    at _exports.default.sectionIndexCollapsed (http://moodle.local/lib/requirejs.php/1789992452/core/first.js:2015:11642)
[  607918ms] Error: Unkown section with ID 60
    at Component._refreshSectionCollapsed (http://moodle.local/lib/requirejs.php/1789992452/core/first.js:2035:2844)
    at Text.listener (http://moodle.local/lib/requirejs.php/1789992452/core/first.js:758:3098)
    at _default.callWatchersHandler (http://moodle.local/lib/requirejs.php/1789992452/core/first.js:758:1324)
    at _exports.default.dispatchStateChangedEvent [as dispatchEvent] (http://moodle.local/lib/requirejs.php/1789992452/core/first.js:1807:435)
    at http://moodle.local/lib/requirejs.php/1789992452/core/first.js:776:6403
    at Array.forEach (<anonymous>)
    at _exports.default._publishEvents (http://moodle.local/lib/requirejs.php/1789992452/core/first.js:776:6171)
    at _exports.default.setReadOnly (http://moodle.local/lib/requirejs.php/1789992452/core/first.js:776:1256)
    at _exports.default._updateStateSectionPreference (http://moodle.local/lib/requirejs.php/1789992452/core/first.js:2015:13017)
    at _exports.default.sectionIndexCollapsed (http://moodle.local/lib/requirejs.php/1789992452/core/first.js:2015:11642)
[  607920ms] Error: Unkown section with ID 83
    at Component._refreshSectionCollapsed (http://moodle.local/lib/requirejs.php/1789992452/core/first.js:2035:2844)
    at Text.listener (http://moodle.local/lib/requirejs.php/1789992452/core/first.js:758:3098)
    at _default.callWatchersHandler (http://moodle.local/lib/requirejs.php/1789992452/core/first.js:758:1324)
    at _exports.default.dispatchStateChangedEvent [as dispatchEvent] (http://moodle.local/lib/requirejs.php/1789992452/core/first.js:1807:435)
    at http://moodle.local/lib/requirejs.php/1789992452/core/first.js:776:6403
    at Array.forEach (<anonymous>)
    at _exports.default._publishEvents (http://moodle.local/lib/requirejs.php/1789992452/core/first.js:776:6171)
    at _exports.default.setReadOnly (http://moodle.local/lib/requirejs.php/1789992452/core/first.js:776:1256)
    at _exports.default._updateStateSectionPreference (http://moodle.local/lib/requirejs.php/1789992452/core/first.js:2015:13017)
    at _exports.default.sectionIndexCollapsed (http://moodle.local/lib/requirejs.php/1789992452/core/first.js:2015:11642)
[  613066ms] [LOG] Debug module "M.reactive" loaded. @ http://moodle.local/lib/requirejs.php/1789992452/core/first.js:638
[  613068ms] [LOG] Registering new reactive instance "M.reactive.ProcessMonitor" @ http://moodle.local/lib/requirejs.php/1789992452/core/first.js:638
[  613069ms] [LOG] Registering new reactive instance "M.reactive.CourseEditor9" @ http://moodle.local/lib/requirejs.php/1789992452/core/first.js:638
[  613105ms] [LOG] Page is missing a drawer region @ http://moodle.local/lib/requirejs.php/1789992452/core/first.js:5470
[  613105ms] [LOG] Page is missing a drawer toggle link @ http://moodle.local/lib/requirejs.php/1789992452/core/first.js:5470
[  613113ms] [LOG] Starting Moodle session timeout warning. @ http://moodle.local/lib/requirejs.php/1789992452/core/first.js:860
[  622287ms] [LOG] Debug module "M.reactive" loaded. @ http://moodle.local/lib/requirejs.php/1789992452/core/first.js:638
[  622288ms] [LOG] Registering new reactive instance "M.reactive.ProcessMonitor" @ http://moodle.local/lib/requirejs.php/1789992452/core/first.js:638
[  622289ms] [LOG] Registering new reactive instance "M.reactive.CourseEditor9" @ http://moodle.local/lib/requirejs.php/1789992452/core/first.js:638
[  622305ms] [LOG] Page is missing a drawer region @ http://moodle.local/lib/requirejs.php/1789992452/core/first.js:5470
[  622305ms] [LOG] Page is missing a drawer toggle link @ http://moodle.local/lib/requirejs.php/1789992452/core/first.js:5470
[  622312ms] [LOG] Starting Moodle session timeout warning. @ http://moodle.local/lib/requirejs.php/1789992452/core/first.js:860
[  625389ms] [LOG] Debug module "M.reactive" loaded. @ http://moodle.local/lib/requirejs.php/1789992452/core/first.js:638
[  625391ms] [LOG] Registering new reactive instance "M.reactive.ProcessMonitor" @ http://moodle.local/lib/requirejs.php/1789992452/core/first.js:638
[  625392ms] [LOG] Registering new reactive instance "M.reactive.CourseEditor9" @ http://moodle.local/lib/requirejs.php/1789992452/core/first.js:638
[  625410ms] [LOG] Page is missing a drawer region @ http://moodle.local/lib/requirejs.php/1789992452/core/first.js:5470
[  625411ms] [LOG] Page is missing a drawer toggle link @ http://moodle.local/lib/requirejs.php/1789992452/core/first.js:5470
[  625417ms] [LOG] Starting Moodle session timeout warning. @ http://moodle.local/lib/requirejs.php/1789992452/core/first.js:860
